Component: Arm Compiler for Embedded 6.22 Tool: armlink [5ee90200]

==============================================================================

Section Cross References

    main.o(.ARM.exidx.text.SystemClock_Config) refers to main.o(.text.SystemClock_Config) for [Anonymous Symbol]
    main.o(.text.main) refers to system_stm32f10x.o(.text.SystemInit) for SystemInit
    main.o(.text.main) refers to main.o(.text.SystemClock_Config) for SystemClock_Config
    main.o(.text.main) refers to button.o(.text.GPIO_Button_Init) for GPIO_Button_Init
    main.o(.text.main) refers to lcd.o(.text.GPIO_Config) for GPIO_Config
    main.o(.text.main) refers to lcd.o(.text.SPI_Config) for SPI_Config
    main.o(.text.main) refers to lcd.o(.text.ST7735_Init) for ST7735_Init
    main.o(.text.main) refers to game_logic.o(.text.Game_Init) for Game_Init
    main.o(.text.main) refers to game_play.o(.text.Gameplay_Init) for Gameplay_Init
    main.o(.text.main) refers to game_logic.o(.text.Game_Loop) for Game_Loop
    main.o(.ARM.exidx.text.main) refers to main.o(.text.main) for [Anonymous Symbol]
    game_logic.o(.ARM.exidx.text.resetStateFlags) refers to game_logic.o(.text.resetStateFlags) for [Anonymous Symbol]
    game_logic.o(.text.Game_Init) refers to game_logic.o(.bss.gameState) for gameState
    game_logic.o(.text.Game_Init) refers to game_logic.o(.bss.previousState) for previousState
    game_logic.o(.ARM.exidx.text.Game_Init) refers to game_logic.o(.text.Game_Init) for [Anonymous Symbol]
    game_logic.o(.text.Game_Loop) refers to game_logic.o(.bss.gameState) for gameState
    game_logic.o(.text.Game_Loop) refers to game_logic.o(.bss.previousState) for previousState
    game_logic.o(.text.Game_Loop) refers to game_logic.o(.bss.stateFlags) for stateFlags
    game_logic.o(.text.Game_Loop) refers to game_logic.o(.text.resetStateFlags) for resetStateFlags
    game_logic.o(.text.Game_Loop) refers to game_logic.o(.text.handleMenu) for handleMenu
    game_logic.o(.text.Game_Loop) refers to game_logic.o(.text.handleGamePlaying) for handleGamePlaying
    game_logic.o(.text.Game_Loop) refers to game_logic.o(.text.handleManual) for handleManual
    game_logic.o(.text.Game_Loop) refers to game_logic.o(.text.handleGameOver) for handleGameOver
    game_logic.o(.ARM.exidx.text.Game_Loop) refers to game_logic.o(.text.Game_Loop) for [Anonymous Symbol]
    game_logic.o(.text.handleMenu) refers to game_logic.o(.bss.gameState) for gameState
    game_logic.o(.text.handleMenu) refers to game_logic.o(.bss.previousState) for previousState
    game_logic.o(.text.handleMenu) refers to game_logic.o(.bss.menuInitialized) for menuInitialized
    game_logic.o(.text.handleMenu) refers to game_logic.o(.data.selectedOption) for selectedOption
    game_logic.o(.text.handleMenu) refers to lcd.o(.text.DrawMainMenu) for DrawMainMenu
    game_logic.o(.text.handleMenu) refers to lcd.o(.text.updateMenuLCD) for updateMenuLCD
    game_logic.o(.text.handleMenu) refers to button.o(.text.getButtonInput) for getButtonInput
    game_logic.o(.text.handleMenu) refers to lcd.o(.text.ST7735_Clear) for ST7735_Clear
    game_logic.o(.ARM.exidx.text.handleMenu) refers to game_logic.o(.text.handleMenu) for [Anonymous Symbol]
    game_logic.o(.text.handleGamePlaying) refers to game_logic.o(.bss.gameState) for gameState
    game_logic.o(.text.handleGamePlaying) refers to game_logic.o(.bss.previousState) for previousState
    game_logic.o(.text.handleGamePlaying) refers to game_logic.o(.bss.playInitialized) for playInitialized
    game_logic.o(.text.handleGamePlaying) refers to lcd.o(.text.ST7735_FillRect) for ST7735_FillRect
    game_logic.o(.text.handleGamePlaying) refers to game_logic.o(.data.level) for level
    game_logic.o(.text.handleGamePlaying) refers to game_play.o(.bss.bulletCount) for bulletCount
    game_logic.o(.text.handleGamePlaying) refers to game_play.o(.data.enemyCount) for enemyCount
    game_logic.o(.text.handleGamePlaying) refers to game_play.o(.bss.enemyBulletCount) for enemyBulletCount
    game_logic.o(.text.handleGamePlaying) refers to game_play.o(.bss.enemyBullets) for enemyBullets
    game_logic.o(.text.handleGamePlaying) refers to game_play.o(.bss.enemies) for enemies
    game_logic.o(.text.handleGamePlaying) refers to game_play.o(.bss.player) for player
    game_logic.o(.text.handleGamePlaying) refers to game_play.o(.bss.bullets) for bullets
    game_logic.o(.text.handleGamePlaying) refers to lcd.o(.text.DrawGameFullScreen) for DrawGameFullScreen
    game_logic.o(.text.handleGamePlaying) refers to game_play.o(.text.handlePlayerInput) for handlePlayerInput
    game_logic.o(.text.handleGamePlaying) refers to game_play.o(.text.updateEnemyPositions) for updateEnemyPositions
    game_logic.o(.text.handleGamePlaying) refers to game_play.o(.text.updatePlayerBullets) for updatePlayerBullets
    game_logic.o(.text.handleGamePlaying) refers to game_play.o(.text.updateEnemyBullets) for updateEnemyBullets
[...]
    .ARM.Collect$$libinit$$00000014          0x08000228   Section       12  libinit2.o(.ARM.Collect$$libinit$$00000014)
    .ARM.Collect$$libinit$$00000015          0x08000234   Section        0  libinit2.o(.ARM.Collect$$libinit$$00000015)
    .ARM.Collect$$libinit$$00000017          0x08000234   Section        0  libinit2.o(.ARM.Collect$$libinit$$00000017)
    .ARM.Collect$$libinit$$00000018          0x08000234   Section       10  libinit2.o(.ARM.Collect$$libinit$$00000018)
    .ARM.Collect$$libinit$$00000019          0x0800023e   Section        0  libinit2.o(.ARM.Collect$$libinit$$00000019)
    .ARM.Collect$$libinit$$0000001B          0x0800023e   Section        0  libinit2.o(.ARM.Collect$$libinit$$0000001B)
    .ARM.Collect$$libinit$$0000001D          0x0800023e   Section        0  libinit2.o(.ARM.Collect$$libinit$$0000001D)
    .ARM.Collect$$libinit$$0000001F          0x0800023e   Section        0  libinit2.o(.ARM.Collect$$libinit$$0000001F)
    .ARM.Collect$$libinit$$00000021          0x0800023e   Section        0  libinit2.o(.ARM.Collect$$libinit$$00000021)
    .ARM.Collect$$libinit$$00000023          0x0800023e   Section        0  libinit2.o(.ARM.Collect$$libinit$$00000023)
    .ARM.Collect$$libinit$$00000025          0x0800023e   Section        0  libinit2.o(.ARM.Collect$$libinit$$00000025)
    .ARM.Collect$$libinit$$00000027          0x0800023e   Section        0  libinit2.o(.ARM.Collect$$libinit$$00000027)
    .ARM.Collect$$libinit$$0000002E          0x0800023e   Section        0  libinit2.o(.ARM.Collect$$libinit$$0000002E)
    .ARM.Collect$$libinit$$00000030          0x0800023e   Section        0  libinit2.o(.ARM.Collect$$libinit$$00000030)
    .ARM.Collect$$libinit$$00000032          0x0800023e   Section        0  libinit2.o(.ARM.Collect$$libinit$$00000032)
    .ARM.Collect$$libinit$$00000034          0x0800023e   Section        0  libinit2.o(.ARM.Collect$$libinit$$00000034)
    .ARM.Collect$$libinit$$00000035          0x0800023e   Section        2  libinit2.o(.ARM.Collect$$libinit$$00000035)
    .ARM.Collect$$libshutdown$$00000000      0x08000240   Section        2  libshutdown.o(.ARM.Collect$$libshutdown$$00000000)
    .ARM.Collect$$libshutdown$$00000002      0x08000242   Section        0  libshutdown2.o(.ARM.Collect$$libshutdown$$00000002)
    .ARM.Collect$$libshutdown$$00000004      0x08000242   Section        0  libshutdown2.o(.ARM.Collect$$libshutdown$$00000004)
    .ARM.Collect$$libshutdown$$00000007      0x08000242   Section        0  libshutdown2.o(.ARM.Collect$$libshutdown$$00000007)
    .ARM.Collect$$libshutdown$$0000000A      0x08000242   Section        0  libshutdown2.o(.ARM.Collect$$libshutdown$$0000000A)
    .ARM.Collect$$libshutdown$$0000000C      0x08000242   Section        0  libshutdown2.o(.ARM.Collect$$libshutdown$$0000000C)
    .ARM.Collect$$libshutdown$$0000000F      0x08000242   Section        0  libshutdown2.o(.ARM.Collect$$libshutdown$$0000000F)
    .ARM.Collect$$libshutdown$$00000010      0x08000242   Section        2  libshutdown2.o(.ARM.Collect$$libshutdown$$00000010)
    .ARM.Collect$$rtentry$$00000000          0x08000244   Section        0  __rtentry.o(.ARM.Collect$$rtentry$$00000000)
    .ARM.Collect$$rtentry$$00000002          0x08000244   Section        0  __rtentry2.o(.ARM.Collect$$rtentry$$00000002)
    .ARM.Collect$$rtentry$$00000004          0x08000244   Section        6  __rtentry4.o(.ARM.Collect$$rtentry$$00000004)
    .ARM.Collect$$rtentry$$00000009          0x0800024a   Section        0  __rtentry2.o(.ARM.Collect$$rtentry$$00000009)
    .ARM.Collect$$rtentry$$0000000A          0x0800024a   Section        4  __rtentry2.o(.ARM.Collect$$rtentry$$0000000A)
    .ARM.Collect$$rtentry$$0000000C          0x0800024e   Section        0  __rtentry2.o(.ARM.Collect$$rtentry$$0000000C)
    .ARM.Collect$$rtentry$$0000000D          0x0800024e   Section        8  __rtentry2.o(.ARM.Collect$$rtentry$$0000000D)
    .ARM.Collect$$rtexit$$00000000           0x08000256   Section        2  rtexit.o(.ARM.Collect$$rtexit$$00000000)
    .ARM.Collect$$rtexit$$00000002           0x08000258   Section        0  rtexit2.o(.ARM.Collect$$rtexit$$00000002)
    .ARM.Collect$$rtexit$$00000003           0x08000258   Section        4  rtexit2.o(.ARM.Collect$$rtexit$$00000003)
    .ARM.Collect$$rtexit$$00000004           0x0800025c   Section        6  rtexit2.o(.ARM.Collect$$rtexit$$00000004)
    .emb_text                                0x08000264   Section       52  rand.o(.emb_text)
    .text                                    0x08000298   Section       64  startup_stm32f10x_md.o(.text)
    .text                                    0x080002d8   Section        0  sprintf.o(.text)
    .text                                    0x08000304   Section        0  rand.o(.text)
    .text                                    0x08000340   Section        0  heapauxi.o(.text)
    .text                                    0x08000346   Section        0  _printf_pad.o(.text)
    .text                                    0x08000394   Section        0  _printf_truncate.o(.text)
    .text                                    0x080003b8   Section        0  _printf_str.o(.text)
    .text                                    0x0800040c   Section        0  _printf_dec.o(.text)
    .text                                    0x08000484   Section        0  _printf_charcount.o(.text)
    _printf_input_char                       0x080004ad   Thumb Code    10  _printf_char_common.o(.text)
    .text                                    0x080004ac   Section        0  _printf_char_common.o(.text)
    .text                                    0x080004dc   Section        0  _sputc.o(.text)
    .text                                    0x080004e8   Section        0  _printf_wctomb.o(.text)
    .text                                    0x080005a4   Section        0  _printf_longlong_dec.o(.text)
    _printf_longlong_oct_internal            0x08000621   Thumb Code     0  _printf_oct_int_ll.o(.text)
    .text                                    0x08000620   Section        0  _printf_oct_int_ll.o(.text)
    _printf_hex_common                       0x08000691   Thumb Code     0  _printf_hex_int_ll_ptr.o(.text)
    .text                                    0x08000690   Section        0  _printf_hex_int_ll_ptr.o(.text)
    .text                                    0x08000724   Section        0  __printf_flags_ss_wp.o(.text)
    .text                                    0x080008ac   Section      138  lludiv10.o(.text)
    .text                                    0x08000936   Section        0  _printf_intcommon.o(.text)
    _fp_digits                               0x080009e9   Thumb Code   432  _printf_fp_dec.o(.text)
    .text                                    0x080009e8   Section        0  _printf_fp_dec.o(.text)
    .text                                    0x08000e04   Section        0  _printf_fp_hex.o(.text)
    .text                                    0x08001100   Section        0  _printf_char.o(.text)
    .text                                    0x0800112c   Section        0  _printf_wchar.o(.text)
    .text                                    0x08001158   Section        0  _c16rtomb.o(.text)
    .text                                    0x080011a0   Section       74  sys_stackheap_outer.o(.text)
    .text                                    0x080011ec   Section       16  rt_ctype_table.o(.text)
    .text                                    0x080011fc   Section        8  rt_locale_intlibspace.o(.text)
    .text                                    0x08001204   Section        0  _printf_fp_infnan.o(.text)
    .text                                    0x08001284   Section        0  bigflt0.o(.text)
    .text                                    0x08001368   Section        0  exit.o(.text)
    .text                                    0x0800137c   Section        8  libspace.o(.text)
    .text                                    0x08001384   Section      128  strcmpv7m.o(.text)
    .text                                    0x08001404   Section        2  use_no_semi.o(.text)
    .text                                    0x08001406   Section        0  indicate_semi.o(.text)
    .text                                    0x08001408   Section        0  sys_exit.o(.text)
    [Anonymous Symbol]                       0x08001414   Section        0  lcd.o(.text.ClearBullet)
    [Anonymous Symbol]                       0x08001434   Section        0  lcd.o(.text.ClearEnemy)
    [Anonymous Symbol]                       0x08001454   Section        0  lcd.o(.text.ClearPlayer)
    [Anonymous Symbol]                       0x08001474   Section        0  lcd.o(.text.DrawEndScreen)
    [Anonymous Symbol]                       0x080015d4   Section        0  lcd.o(.text.DrawGameFullScreen)
    [Anonymous Symbol]                       0x080017f4   Section        0  lcd.o(.text.DrawMainMenu)
    [Anonymous Symbol]                       0x0800198c   Section        0  lcd.o(.text.DrawManual)
    [Anonymous Symbol]                       0x08001a58   Section        0  button.o(.text.EXTI0_IRQHandler)
    [Anonymous Symbol]                       0x08001a88   Section        0  button.o(.text.EXTI1_IRQHandler)
    [Anonymous Symbol]                       0x08001abc   Section        0  button.o(.text.EXTI3_IRQHandler)
    [Anonymous Symbol]                       0x08001af0   Section        0  button.o(.text.EXTI4_IRQHandler)
    [Anonymous Symbol]                       0x08001b24   Section        0  button.o(.text.EXTI9_5_IRQHandler)
    [Anonymous Symbol]                       0x08001b58   Section        0  button.o(.text.GPIO_Button_Init)
    [Anonymous Symbol]                       0x08001c04   Section        0  lcd.o(.text.GPIO_Config)
    [Anonymous Symbol]                       0x08001c54   Section        0  stm32f10x_gpio.o(.text.GPIO_Init)
    [Anonymous Symbol]                       0x08001ddc   Section        0  stm32f10x_gpio.o(.text.GPIO_ResetBits)
    [Anonymous Symbol]                       0x08001df0   Section        0  stm32f10x_gpio.o(.text.GPIO_SetBits)
    [Anonymous Symbol]                       0x08001e04   Section        0  game_logic.o(.text.Game_Init)
    [Anonymous Symbol]                       0x08001e20   Section        0  game_logic.o(.text.Game_Loop)
    [Anonymous Symbol]                       0x08001e98   Section        0  game_play.o(.text.Gameplay_Init)
    [Anonymous Symbol]                       0x08001f60   Section        0  stm32f10x_rcc.o(.text.RCC_APB2PeriphClockCmd)
    [Anonymous Symbol]                       0x08001f98   Section        0  stm32f10x_spi.o(.text.SPI_Cmd)
    [Anonymous Symbol]                       0x08001fc4   Section        0  lcd.o(.text.SPI_Config)
    [Anonymous Symbol]                       0x08002030   Section        0  stm32f10x_spi.o(.text.SPI_I2S_GetFlagStatus)
    [Anonymous Symbol]                       0x08002068   Section        0  stm32f10x_spi.o(.text.SPI_I2S_SendData)
    [Anonymous Symbol]                       0x0800207c   Section        0  stm32f10x_spi.o(.text.SPI_Init)
    [Anonymous Symbol]                       0x080020e4   Section        0  lcd.o(.text.SPI_SendData)
    [Anonymous Symbol]                       0x0800212c   Section        0  lcd.o(.text.ST7735_Clear)
    [Anonymous Symbol]                       0x08002198   Section        0  lcd.o(.text.ST7735_DrawChar)
    [Anonymous Symbol]                       0x08002288   Section        0  lcd.o(.text.ST7735_DrawPixel)
    [Anonymous Symbol]                       0x080022bc   Section        0  lcd.o(.text.ST7735_DrawSmallCircle)
    [Anonymous Symbol]                       0x08002390   Section        0  lcd.o(.text.ST7735_DrawString)
    [Anonymous Symbol]                       0x080023e8   Section        0  lcd.o(.text.ST7735_FillRect)
    [Anonymous Symbol]                       0x08002464   Section        0  lcd.o(.text.ST7735_Init)
    [Anonymous Symbol]                       0x08002554   Section        0  lcd.o(.text.ST7735_SendCommand)
    [Anonymous Symbol]                       0x0800258c   Section        0  lcd.o(.text.ST7735_SendData)
    [Anonymous Symbol]                       0x080025c4   Section        0  lcd.o(.text.ST7735_SetAddressWindow)
    SetSysClock                              0x08002629   Thumb Code     8  system_stm32f10x.o(.text.SetSysClock)
    [Anonymous Symbol]                       0x08002628   Section        0  system_stm32f10x.o(.text.SetSysClock)
    SetSysClockTo72                          0x08002631   Thumb Code   290  system_stm32f10x.o(.text.SetSysClockTo72)
    [Anonymous Symbol]                       0x08002630   Section        0  system_stm32f10x.o(.text.SetSysClockTo72)
    [Anonymous Symbol]                       0x08002754   Section        0  button.o(.text.SysTick_Handler)
    [Anonymous Symbol]                       0x08002764   Section        0  main.o(.text.SystemClock_Config)
    [Anonymous Symbol]                       0x0800281c   Section        0  system_stm32f10x.o(.text.SystemInit)
    __NVIC_EnableIRQ                         0x08002885   Thumb Code    48  button.o(.text.__NVIC_EnableIRQ)
    [Anonymous Symbol]                       0x08002884   Section        0  button.o(.text.__NVIC_EnableIRQ)
    [Anonymous Symbol]                       0x080028b4   Section        0  game_play.o(.text.checkEnemyBulletCollisions)
    [Anonymous Symbol]                       0x08002970   Section        0  game_play.o(.text.checkPlayerBulletCollisions)
    [Anonymous Symbol]                       0x08002aa4   Section        0  game_play.o(.text.checkPlayerEnemyCollisions)
    [Anonymous Symbol]                       0x08002b80   Section        0  game_play.o(.text.cleanUpBullets)
    [Anonymous Symbol]                       0x08002c0c   Section        0  game_play.o(.text.cleanUpEnemies)
    [Anonymous Symbol]                       0x08002c9c   Section        0  game_play.o(.text.createEnemyBullet)
    [Anonymous Symbol]                       0x08002cf4   Section        0  game_play.o(.text.createPlayerBullet)
    [Anonymous Symbol]                       0x08002d4c   Section        0  game_play.o(.text.enemyShootRandomly)
    [Anonymous Symbol]                       0x08002dd4   Section        0  button.o(.text.getButtonInput)
    [Anonymous Symbol]                       0x08002dec   Section        0  game_logic.o(.text.handleGameOver)
    [Anonymous Symbol]                       0x08002f28   Section        0  game_logic.o(.text.handleGamePlaying)
    [Anonymous Symbol]                       0x08003100   Section        0  game_logic.o(.text.handleManual)
    [Anonymous Symbol]                       0x0800316c   Section        0  game_logic.o(.text.handleMenu)
    [Anonymous Symbol]                       0x080032c8   Section        0  game_play.o(.text.handlePlayerInput)
    [Anonymous Symbol]                       0x0800335c   Section        0  main.o(.text.main)
    [Anonymous Symbol]                       0x0800338c   Section        0  game_logic.o(.text.resetStateFlags)
    [Anonymous Symbol]                       0x080033a8   Section        0  lcd.o(.text.updateEndLCD)
    [Anonymous Symbol]                       0x080034ac   Section        0  game_play.o(.text.updateEnemyBullets)
    [Anonymous Symbol]                       0x08003528   Section        0  game_play.o(.text.updateEnemyPositions)
    [Anonymous Symbol]                       0x08003634   Section        0  lcd.o(.text.updateMenuLCD)
    [Anonymous Symbol]                       0x080037d0   Section        0  game_play.o(.text.updatePlayerBullets)
    CL$$btod_d2e                             0x0800384c   Section       62  btod.o(CL$$btod_d2e)
    CL$$btod_d2e_denorm_low                  0x0800388a   Section       70  btod.o(CL$$btod_d2e_denorm_low)
    CL$$btod_d2e_norm_op1                    0x080038d0   Section       96  btod.o(CL$$btod_d2e_norm_op1)
    CL$$btod_div_common                      0x08003930   Section      824  btod.o(CL$$btod_div_common)
    CL$$btod_e2e                             0x08003c68   Section      220  btod.o(CL$$btod_e2e)
    CL$$btod_ediv                            0x08003d44   Section       42  btod.o(CL$$btod_ediv)
    CL$$btod_emul                            0x08003d6e   Section       42  btod.o(CL$$btod_emul)
    CL$$btod_mult_common                     0x08003d98   Section      580  btod.o(CL$$btod_mult_common)
    i.__ARM_fpclassify                       0x08003fdc   Section        0  fpclassify.o(i.__ARM_fpclassify)
    i._is_digit                              0x08004004   Section        0  __printf_wp.o(i._is_digit)
    locale$$code                             0x08004014   Section       44  lc_numeric_c.o(locale$$code)
    locale$$code                             0x08004040   Section       44  lc_ctype_c.o(locale$$code)
    x$fpl$printf1                            0x0800406c   Section        4  printf1.o(x$fpl$printf1)
    x$fpl$printf2                            0x08004070   Section        4  printf2.o(x$fpl$printf2)
    initial_mbstate                          0x08004074   Data           8  _printf_wctomb.o(.constdata)
    .constdata                               0x08004074   Section        8  _printf_wctomb.o(.constdata)
    x$fpl$usenofp                            0x08004074   Section        0  usenofp.o(x$fpl$usenofp)
    uc_hextab                                0x0800407c   Data          20  _printf_hex_int_ll_ptr.o(.constdata)
    .constdata                               0x0800407c   Section       40  _printf_hex_int_ll_ptr.o(.constdata)
    lc_hextab                                0x08004090   Data          20  _printf_hex_int_ll_ptr.o(.constdata)
    maptable                                 0x080040a4   Data          17  __printf_flags_ss_wp.o(.constdata)
    .constdata                               0x080040a4   Section       17  __printf_flags_ss_wp.o(.constdata)
    lc_hextab                                0x080040b5   Data          19  _printf_fp_hex.o(.constdata)
    .constdata                               0x080040b5   Section       38  _printf_fp_hex.o(.constdata)
    uc_hextab                                0x080040c8   Data          19  _printf_fp_hex.o(.constdata)
    tenpwrs_x                                0x080040dc   Data          60  bigflt0.o(.constdata)
    .constdata                               0x080040dc   Section      148  bigflt0.o(.constdata)
    tenpwrs_i                                0x08004118   Data          64  bigflt0.o(.constdata)
    .L.str.6                                 0x08004690   Data           9  lcd.o(.rodata.str1.1)
    [Anonymous Symbol]                       0x08004690   Section        0  lcd.o(.rodata.str1.1)
    .L.str.1                                 0x08004699   Data          16  lcd.o(.rodata.str1.1)
    .L.str.14                                0x080046a9   Data          16  lcd.o(.rodata.str1.1)
    .L.str.13                                0x080046b9   Data          14  lcd.o(.rodata.str1.1)
    .L.str.5                                 0x080046bc   Data          10  lcd.o(.rodata.str1.1)
    .L.str.15                                0x080046c7   Data          18  lcd.o(.rodata.str1.1)
    .L.str.11                                0x080046d9   Data          16  lcd.o(.rodata.str1.1)
    .L.str.12                                0x080046e9   Data          17  lcd.o(.rodata.str1.1)
    .L.str.16                                0x08004704   Data          19  lcd.o(.rodata.str1.1)
    .L.str.10                                0x08004717   Data           7  lcd.o(.rodata.str1.1)
    .L.str.8                                 0x0800471e   Data          10  lcd.o(.rodata.str1.1)
    .L.str.17                                0x08004728   Data          10  lcd.o(.rodata.str1.1)
    .L.str.3                                 0x08004732   Data           7  lcd.o(.rodata.str1.1)
    .L.str                                   0x08004739   Data          11  lcd.o(.rodata.str1.1)
    .L.str.7                                 0x08004744   Data          10  lcd.o(.rodata.str1.1)
    .L.str.4                                 0x0800474e   Data           5  lcd.o(.rodata.str1.1)
    .L.str.9                                 0x08004753   Data           8  lcd.o(.rodata.str1.1)
    .L.str.2                                 0x0800475b   Data           5  lcd.o(.rodata.str1.1)
    locale$$data                             0x08004780   Section       28  lc_numeric_c.o(locale$$data)
    __lcnum_c_name                           0x08004784   Data           2  lc_numeric_c.o(locale$$data)
    __lcnum_c_start                          0x0800478c   Data           0  lc_numeric_c.o(locale$$data)
    __lcnum_c_point                          0x08004798   Data           0  lc_numeric_c.o(locale$$data)
    __lcnum_c_thousands                      0x0800479a   Data           0  lc_numeric_c.o(locale$$data)
    __lcnum_c_grouping                       0x0800479b   Data           0  lc_numeric_c.o(locale$$data)
    __lcnum_c_end                            0x0800479c   Data           0  lc_numeric_c.o(locale$$data)
    locale$$data                             0x0800479c   Section      272  lc_ctype_c.o(locale$$data)
    __lcctype_c_name                         0x080047a0   Data           2  lc_ctype_c.o(locale$$data)
    __lcctype_c_start                        0x080047a8   Data           0  lc_ctype_c.o(locale$$data)
    __lcctype_c_end                          0x080048ac   Data           0  lc_ctype_c.o(locale$$data)
    _height                                  0x20000000   Data           2  lcd.o(.data._height)
    [Anonymous Symbol]                       0x20000000   Section        0  lcd.o(.data._height)
    _width                                   0x20000002   Data           2  lcd.o(.data._width)
    [Anonymous Symbol]                       0x20000002   Section        0  lcd.o(.data._width)
    .bss                                     0x20000010   Section      228  rand.o(.bss)
    .bss                                     0x200000f4   Section       96  libspace.o(.bss)
    Heap_Mem                                 0x200001d0   Data         512  startup_stm32f10x_md.o(HEAP)
    HEAP                                     0x200001d0   Section      512  startup_stm32f10x_md.o(HEAP)
    Stack_Mem                                0x200003d0   Data        1024  startup_stm32f10x_md.o(STACK)
    STACK                                    0x200003d0   Section     1024  startup_stm32f10x_md.o(STACK)
    __initial_sp                             0x200007d0   Data           0  startup_stm32f10x_md.o(STACK)

    Global Symbols

    Symbol Name                              Value     Ov Type        Size  Object(Section)

    BuildAttributes$$THM_ISAv4$P$D$K$B$S$PE$A:L22UL41UL21$X:L11$S22US41US21$IEEE1$IW$~IW$USESV6$~STKCKD$USESV7$~SHL$OTIME$ROPI$IEEEJ$EBA8$UX$STANDARDLIB$REQ8$PRES8$EABIv2 0x00000000   Number         0  anon$$obj.o ABSOLUTE
    __fp_init_empty                          0x00000000   Number         0  fpinit_empty.o ABSOLUTE
    _printf_flags                            0x00000000   Number         0  printf_stubs.o ABSOLUTE
    _printf_return_value                     0x00000000   Number         0  printf_stubs.o ABSOLUTE
    _printf_sizespec                         0x00000000   Number         0  printf_stubs.o ABSOLUTE
    _printf_widthprec                        0x00000000   Number         0  printf_stubs.o ABSOLUTE
    __ARM_exceptions_init                     - Undefined Weak Reference
    __alloca_initialize                       - Undefined Weak Reference
    __arm_preinit_                            - Undefined Weak Reference
    __arm_relocate_pie_                       - Undefined Weak Reference
    __cpp_initialize__aeabi_                  - Undefined Weak Reference
    __cxa_finalize                            - Undefined Weak Reference
    __sigvec_lookup                           - Undefined Weak Reference
    _atexit_init                              - Undefined Weak Reference
    _call_atexit_fns                          - Undefined Weak Reference
    _clock_init                               - Undefined Weak Reference
    _fp_trap_init                             - Undefined Weak Reference
    _fp_trap_shutdown                         - Undefined Weak Reference
    _get_lc_collate                           - Undefined Weak Reference
    _get_lc_monetary                          - Undefined Weak Reference
    _get_lc_time                              - Undefined Weak Reference
    _getenv_init                              - Undefined Weak Reference
    _handle_redirection                       - Undefined Weak Reference
    _init_alloc                               - Undefined Weak Reference
    _init_user_alloc                          - Undefined Weak Reference
    _initio                                   - Undefined Weak Reference
    _printf_mbtowc                            - Undefined Weak Reference
    _printf_wc                                - Undefined Weak Reference
    _signal_finish                            - Undefined Weak Reference
    _signal_init                              - Undefined Weak Reference
    _terminate_alloc                          - Undefined Weak Reference
    _terminate_user_alloc                     - Undefined Weak Reference
    _terminateio                              - Undefined Weak Reference
    __Vectors_Size                           0x000000ec   Number         0  startup_stm32f10x_md.o ABSOLUTE
    __Vectors                                0x08000000   Data           4  startup_stm32f10x_md.o(RESET)
    __Vectors_End                            0x080000ec   Data           0  startup_stm32f10x_md.o(RESET)
    __main                                   0x080000ed   Thumb Code     8  __main.o(!!!main)
    __scatterload                            0x080000f5   Thumb Code     0  __scatter.o(!!!scatter)
    __scatterload_rt2                        0x080000f5   Thumb Code    84  __scatter.o(!!!scatter)
    __scatterload_rt2_thumb_only             0x080000f5   Thumb Code     0  __scatter.o(!!!scatter)
    __scatterload_loop                       0x080000ff   Thumb Code     0  __scatter.o(!!!scatter)
    __scatterload_copy                       0x08000151   Thumb Code    26  __scatter_copy.o(!!handler_copy)
    __scatterload_null                       0x0800016d   Thumb Code     2  __scatter.o(!!handler_null)
    __scatterload_zeroinit                   0x08000171   Thumb Code    28  __scatter_zi.o(!!handler_zi)
    _printf_n                                0x0800018d   Thumb Code     0  _printf_n.o(.ARM.Collect$$_printf_percent$$00000001)
    _printf_percent                          0x0800018d   Thumb Code     0  _printf_percent.o(.ARM.Collect$$_printf_percent$$00000000)
    _printf_p                                0x08000193   Thumb Code     0  _printf_p.o(.ARM.Collect$$_printf_percent$$00000002)
    _printf_f                                0x08000199   Thumb Code     0  _printf_f.o(.ARM.Collect$$_printf_percent$$00000003)
    _printf_e                                0x0800019f   Thumb Code     0  _printf_e.o(.ARM.Collect$$_printf_percent$$00000004)
    _printf_g                                0x080001a5   Thumb Code     0  _printf_g.o(.ARM.Collect$$_printf_percent$$00000005)
    _printf_a                                0x080001ab   Thumb Code     0  _printf_a.o(.ARM.Collect$$_printf_percent$$00000006)
    _printf_ll                               0x080001b1   Thumb Code     0  _printf_ll.o(.ARM.Collect$$_printf_percent$$00000007)
    _printf_i                                0x080001bb   Thumb Code     0  _printf_i.o(.ARM.Collect$$_printf_percent$$00000008)
    _printf_d                                0x080001c1   Thumb Code     0  _printf_d.o(.ARM.Collect$$_printf_percent$$00000009)
    _printf_u                                0x080001c7   Thumb Code     0  _printf_u.o(.ARM.Collect$$_printf_percent$$0000000A)
    _printf_o                                0x080001cd   Thumb Code     0  _printf_o.o(.ARM.Collect$$_printf_percent$$0000000B)
    _printf_x                                0x080001d3   Thumb Code     0  _printf_x.o(.ARM.Collect$$_printf_percent$$0000000C)
    _printf_lli                              0x080001d9   Thumb Code     0  _printf_lli.o(.ARM.Collect$$_printf_percent$$0000000D)
    _printf_lld                              0x080001df   Thumb Code     0  _printf_lld.o(.ARM.Collect$$_printf_percent$$0000000E)
    _printf_llu                              0x080001e5   Thumb Code     0  _printf_llu.o(.ARM.Collect$$_printf_percent$$0000000F)
    _printf_llo                              0x080001eb   Thumb Code     0  _printf_llo.o(.ARM.Collect$$_printf_percent$$00000010)
    _printf_llx                              0x080001f1   Thumb Code     0  _printf_llx.o(.ARM.Collect$$_printf_percent$$00000011)
    _printf_l                                0x080001f7   Thumb Code     0  _printf_l.o(.ARM.Collect$$_printf_percent$$00000012)
    _printf_c                                0x08000201   Thumb Code     0  _printf_c.o(.ARM.Collect$$_printf_percent$$00000013)
    _printf_s                                0x08000207   Thumb Code     0  _printf_s.o(.ARM.Collect$$_printf_percent$$00000014)
    _printf_lc                               0x0800020d   Thumb Code     0  _printf_lc.o(.ARM.Collect$$_printf_percent$$00000015)
    _printf_ls                               0x08000213   Thumb Code     0  _printf_ls.o(.ARM.Collect$$_printf_percent$$00000016)
    _printf_percent_end                      0x08000219   Thumb Code     0  _printf_percent_end.o(.ARM.Collect$$_printf_percent$$00000017)
    __rt_lib_init                            0x0800021d   Thumb Code     0  libinit.o(.ARM.Collect$$libinit$$00000000)
    __rt_lib_init_fp_1                       0x0800021f   Thumb Code     0  libinit2.o(.ARM.Collect$$libinit$$00000002)
    __rt_lib_init_heap_1                     0x0800021f   Thumb Code     0  libinit2.o(.ARM.Collect$$libinit$$0000000C)
    __rt_lib_init_preinit_1                  0x0800021f   Thumb Code     0  libinit2.o(.ARM.Collect$$libinit$$00000006)
    __rt_lib_init_rand_2                     0x0800021f   Thumb Code     0  libinit2.o(.ARM.Collect$$libinit$$0000000F)
    __rt_lib_init_relocate_pie_1             0x0800021f   Thumb Code     0  libinit2.o(.ARM.Collect$$libinit$$00000004)
    __rt_lib_init_user_alloc_1               0x0800021f   Thumb Code     0  libinit2.o(.ARM.Collect$$libinit$$0000000E)
    __rt_lib_init_lc_common                  0x08000223   Thumb Code     0  libinit2.o(.ARM.Collect$$libinit$$00000011)
    __rt_lib_init_rand_1                     0x08000223   Thumb Code     0  libinit2.o(.ARM.Collect$$libinit$$00000010)
    __rt_lib_init_lc_collate_1               0x08000229   Thumb Code     0  libinit2.o(.ARM.Collect$$libinit$$00000013)
    __rt_lib_init_lc_ctype_2                 0x08000229   Thumb Code     0  libinit2.o(.ARM.Collect$$libinit$$00000014)
    __rt_lib_init_lc_ctype_1                 0x08000235   Thumb Code     0  libinit2.o(.ARM.Collect$$libinit$$00000015)
    __rt_lib_init_lc_monetary_1              0x08000235   Thumb Code     0  libinit2.o(.ARM.Collect$$libinit$$00000017)
    __rt_lib_init_lc_numeric_2               0x08000235   Thumb Code     0  libinit2.o(.ARM.Collect$$libinit$$00000018)
    __rt_lib_init_alloca_1                   0x0800023f   Thumb Code     0  libinit2.o(.ARM.Collect$$libinit$$00000030)
    __rt_lib_init_argv_1                     0x0800023f   Thumb Code     0  libinit2.o(.ARM.Collect$$libinit$$0000002E)
    __rt_lib_init_atexit_1                   0x0800023f   Thumb Code     0  libinit2.o(.ARM.Collect$$libinit$$0000001D)
    __rt_lib_init_clock_1                    0x0800023f   Thumb Code     0  libinit2.o(.ARM.Collect$$libinit$$00000023)
    __rt_lib_init_cpp_1                      0x0800023f   Thumb Code     0  libinit2.o(.ARM.Collect$$libinit$$00000034)
    __rt_lib_init_exceptions_1               0x0800023f   Thumb Code     0  libinit2.o(.ARM.Collect$$libinit$$00000032)
    __rt_lib_init_fp_trap_1                  0x0800023f   Thumb Code     0  libinit2.o(.ARM.Collect$$libinit$$00000021)
    __rt_lib_init_getenv_1                   0x0800023f   Thumb Code     0  libinit2.o(.ARM.Collect$$libinit$$00000025)
    __rt_lib_init_lc_numeric_1               0x0800023f   Thumb Code     0  libinit2.o(.ARM.Collect$$libinit$$00000019)
    __rt_lib_init_lc_time_1                  0x0800023f   Thumb Code     0  libinit2.o(.ARM.Collect$$libinit$$0000001B)
    __rt_lib_init_return                     0x0800023f   Thumb Code     0  libinit2.o(.ARM.Collect$$libinit$$00000035)
    __rt_lib_init_signal_1                   0x0800023f   Thumb Code     0  libinit2.o(.ARM.Collect$$libinit$$0000001F)
    __rt_lib_init_stdio_1                    0x0800023f   Thumb Code     0  libinit2.o(.ARM.Collect$$libinit$$00000027)
    __rt_lib_shutdown                        0x08000241   Thumb Code     0  libshutdown.o(.ARM.Collect$$libshutdown$$00000000)
    __rt_lib_shutdown_cpp_1                  0x08000243   Thumb Code     0  libshutdown2.o(.ARM.Collect$$libshutdown$$00000002)
    __rt_lib_shutdown_fp_trap_1              0x08000243   Thumb Code     0  libshutdown2.o(.ARM.Collect$$libshutdown$$00000007)
    __rt_lib_shutdown_heap_1                 0x08000243   Thumb Code     0  libshutdown2.o(.ARM.Collect$$libshutdown$$0000000F)
    __rt_lib_shutdown_return                 0x08000243   Thumb Code     0  libshutdown2.o(.ARM.Collect$$libshutdown$$00000010)
    __rt_lib_shutdown_signal_1               0x08000243   Thumb Code     0  libshutdown2.o(.ARM.Collect$$libshutdown$$0000000A)
    __rt_lib_shutdown_stdio_1                0x08000243   Thumb Code     0  libshutdown2.o(.ARM.Collect$$libshutdown$$00000004)
    __rt_lib_shutdown_user_alloc_1           0x08000243   Thumb Code     0  libshutdown2.o(.ARM.Collect$$libshutdown$$0000000C)
    __rt_entry                               0x08000245   Thumb Code     0  __rtentry.o(.ARM.Collect$$rtentry$$00000000)
    __rt_entry_presh_1                       0x08000245   Thumb Code     0  __rtentry2.o(.ARM.Collect$$rtentry$$00000002)
    __rt_entry_sh                            0x08000245   Thumb Code     0  __rtentry4.o(.ARM.Collect$$rtentry$$00000004)
    __rt_entry_li                            0x0800024b   Thumb Code     0  __rtentry2.o(.ARM.Collect$$rtentry$$0000000A)
    __rt_entry_postsh_1                      0x0800024b   Thumb Code     0  __rtentry2.o(.ARM.Collect$$rtentry$$00000009)
    __rt_entry_main                          0x0800024f   Thumb Code     0  __rtentry2.o(.ARM.Collect$$rtentry$$0000000D)
    __rt_entry_postli_1                      0x0800024f   Thumb Code     0  __rtentry2.o(.ARM.Collect$$rtentry$$0000000C)
    __rt_exit                                0x08000257   Thumb Code     0  rtexit.o(.ARM.Collect$$rtexit$$00000000)
    __rt_exit_ls                             0x08000259   Thumb Code     0  rtexit2.o(.ARM.Collect$$rtexit$$00000003)
    __rt_exit_prels_1                        0x08000259   Thumb Code     0  rtexit2.o(.ARM.Collect$$rtexit$$00000002)
    __rt_exit_exit                           0x0800025d   Thumb Code     0  rtexit2.o(.ARM.Collect$$rtexit$$00000004)
    rand                                     0x08000265   Thumb Code    48  rand.o(.emb_text)
    Reset_Handler                            0x08000299   Thumb Code     8  startup_stm32f10x_md.o(.text)
    NMI_Handler                              0x080002a1   Thumb Code     2  startup_stm32f10x_md.o(.text)
    HardFault_Handler                        0x080002a3   Thumb Code     2  startup_stm32f10x_md.o(.text)
    MemManage_Handler                        0x080002a5   Thumb Code     2  startup_stm32f10x_md.o(.text)
    BusFault_Handler                         0x080002a7   Thumb Code     2  startup_stm32f10x_md.o(.text)
    UsageFault_Handler                       0x080002a9   Thumb Code     2  startup_stm32f10x_md.o(.text)
    SVC_Handler                              0x080002ab   Thumb Code     2  startup_stm32f10x_md.o(.text)
    DebugMon_Handler                         0x080002ad   Thumb Code     2  startup_stm32f10x_md.o(.text)
    PendSV_Handler                           0x080002af   Thumb Code     2  startup_stm32f10x_md.o(.text)
    ADC1_2_IRQHandler                        0x080002b3   Thumb Code     0  startup_stm32f10x_md.o(.text)
    CAN1_RX1_IRQHandler                      0x080002b3   Thumb Code     0  startup_stm32f10x_md.o(.text)
    CAN1_SCE_IRQHandler                      0x080002b3   Thumb Code     0  startup_stm32f10x_md.o(.text)
    DMA1_Channel1_IRQHandler                 0x080002b3   Thumb Code     0  startup_stm32f10x_md.o(.text)
    DMA1_Channel2_IRQHandler                 0x080002b3   Thumb Code     0  startup_stm32f10x_md.o(.text)
    DMA1_Channel3_IRQHandler                 0x080002b3   Thumb Code     0  startup_stm32f10x_md.o(.text)
    DMA1_Channel4_IRQHandler                 0x080002b3   Thumb Code     0  startup_stm32f10x_md.o(.text)
    DMA1_Channel5_IRQHandler                 0x080002b3   Thumb Code     0  startup_stm32f10x_md.o(.text)
    DMA1_Channel6_IRQHandler                 0x080002b3   Thumb Code     0  startup_stm32f10x_md.o(.text)
    DMA1_Channel7_IRQHandler                 0x080002b3   Thumb Code     0  startup_stm32f10x_md.o(.text)
    EXTI15_10_IRQHandler                     0x080002b3   Thumb Code     0  startup_stm32f10x_md.o(.text)
    EXTI2_IRQHandler                         0x080002b3   Thumb Code     0  startup_stm32f10x_md.o(.text)
    FLASH_IRQHandler                         0x080002b3   Thumb Code     0  startup_stm32f10x_md.o(.text)
    I2C1_ER_IRQHandler                       0x080002b3   Thumb Code     0  startup_stm32f10x_md.o(.text)
    I2C1_EV_IRQHandler                       0x080002b3   Thumb Code     0  startup_stm32f10x_md.o(.text)
    I2C2_ER_IRQHandler                       0x080002b3   Thumb Code     0  startup_stm32f10x_md.o(.text)
    I2C2_EV_IRQHandler                       0x080002b3   Thumb Code     0  startup_stm32f10x_md.o(.text)
    PVD_IRQHandler                           0x080002b3   Thumb Code     0  startup_stm32f10x_md.o(.text)
    RCC_IRQHandler                           0x080002b3   Thumb Code     0  startup_stm32f10x_md.o(.text)
    RTCAlarm_IRQHandler                      0x080002b3   Thumb Code     0  startup_stm32f10x_md.o(.text)
    RTC_IRQHandler                           0x080002b3   Thumb Code     0  startup_stm32f10x_md.o(.text)
    SPI1_IRQHandler                          0x080002b3   Thumb Code     0  startup_stm32f10x_md.o(.text)
    SPI2_IRQHandler                          0x080002b3   Thumb Code     0  startup_stm32f10x_md.o(.text)
    TAMPER_IRQHandler                        0x080002b3   Thumb Code     0  startup_stm32f10x_md.o(.text)
    TIM1_BRK_IRQHandler                      0x080002b3   Thumb Code     0  startup_stm32f10x_md.o(.text)
    TIM1_CC_IRQHandler                       0x080002b3   Thumb Code     0  startup_stm32f10x_md.o(.text)
    TIM1_TRG_COM_IRQHandler                  0x080002b3   Thumb Code     0  startup_stm32f10x_md.o(.text)
    TIM1_UP_IRQHandler                       0x080002b3   Thumb Code     0  startup_stm32f10x_md.o(.text)
    TIM2_IRQHandler                          0x080002b3   Thumb Code     0  startup_stm32f10x_md.o(.text)
    TIM3_IRQHandler                          0x080002b3   Thumb Code     0  startup_stm32f10x_md.o(.text)
    TIM4_IRQHandler                          0x080002b3   Thumb Code     0  startup_stm32f10x_md.o(.text)
    USART1_IRQHandler                        0x080002b3   Thumb Code     0  startup_stm32f10x_md.o(.text)
    USART2_IRQHandler                        0x080002b3   Thumb Code     0  startup_stm32f10x_md.o(.text)
    USART3_IRQHandler                        0x080002b3   Thumb Code     0  startup_stm32f10x_md.o(.text)
    USBWakeUp_IRQHandler                     0x080002b3   Thumb Code     0  startup_stm32f10x_md.o(.text)
    USB_HP_CAN1_TX_IRQHandler                0x080002b3   Thumb Code     0  startup_stm32f10x_md.o(.text)
    USB_LP_CAN1_RX0_IRQHandler               0x080002b3   Thumb Code     0  startup_stm32f10x_md.o(.text)
    WWDG_IRQHandler                          0x080002b3   Thumb Code     0  startup_stm32f10x_md.o(.text)
    __user_initial_stackheap                 0x080002b5   Thumb Code     0  startup_stm32f10x_md.o(.text)
    sprintf                                  0x080002d9   Thumb Code    38  sprintf.o(.text)
    srand                                    0x08000305   Thumb Code    42  rand.o(.text)
    _rand_init                               0x0800032f   Thumb Code     4  rand.o(.text)
    __use_two_region_memory                  0x08000341   Thumb Code     2  heapauxi.o(.text)
    __rt_heap_escrow$2region                 0x08000343   Thumb Code     2  heapauxi.o(.text)
    __rt_heap_expand$2region                 0x08000345   Thumb Code     2  heapauxi.o(.text)
    _printf_pre_padding                      0x08000347   Thumb Code    44  _printf_pad.o(.text)
    _printf_post_padding                     0x08000373   Thumb Code    34  _printf_pad.o(.text)
    _printf_truncate_signed                  0x08000395   Thumb Code    18  _printf_truncate.o(.text)
    _printf_truncate_unsigned                0x080003a7   Thumb Code    18  _printf_truncate.o(.text)
    _printf_str                              0x080003b9   Thumb Code    82  _printf_str.o(.text)
    _printf_int_dec                          0x0800040d   Thumb Code   104  _printf_dec.o(.text)
    _printf_charcount                        0x08000485   Thumb Code    40  _printf_charcount.o(.text)
    _printf_char_common                      0x080004b7   Thumb Code    32  _printf_char_common.o(.text)
    _sputc                                   0x080004dd   Thumb Code    10  _sputc.o(.text)
    _printf_wctomb                           0x080004e9   Thumb Code   182  _printf_wctomb.o(.text)
    _printf_longlong_dec                     0x080005a5   Thumb Code   108  _printf_longlong_dec.o(.text)
    _printf_longlong_oct                     0x08000621   Thumb Code    68  _printf_oct_int_ll.o(.text)
    _printf_int_oct                          0x08000665   Thumb Code    24  _printf_oct_int_ll.o(.text)
    _printf_ll_oct                           0x0800067d   Thumb Code    12  _printf_oct_int_ll.o(.text)
    _printf_longlong_hex                     0x08000691   Thumb Code    86  _printf_hex_int_ll_ptr.o(.text)
    _printf_int_hex                          0x080006e7   Thumb Code    28  _printf_hex_int_ll_ptr.o(.text)
    _printf_ll_hex                           0x08000703   Thumb Code    12  _printf_hex_int_ll_ptr.o(.text)
    _printf_hex_ptr                          0x0800070f   Thumb Code    18  _printf_hex_int_ll_ptr.o(.text)
    __printf                                 0x08000725   Thumb Code   388  __printf_flags_ss_wp.o(.text)
    _ll_udiv10                               0x080008ad   Thumb Code   138  lludiv10.o(.text)
    _printf_int_common                       0x08000937   Thumb Code   178  _printf_intcommon.o(.text)
    _printf_fp_dec_real                      0x08000b99   Thumb Code   620  _printf_fp_dec.o(.text)
    _printf_fp_hex_real                      0x08000e05   Thumb Code   756  _printf_fp_hex.o(.text)
    _printf_cs_common                        0x08001101   Thumb Code    20  _printf_char.o(.text)
    _printf_char                             0x08001115   Thumb Code    16  _printf_char.o(.text)
    _printf_string                           0x08001125   Thumb Code     8  _printf_char.o(.text)
    _printf_lcs_common                       0x0800112d   Thumb Code    20  _printf_wchar.o(.text)
    _printf_wchar                            0x08001141   Thumb Code    16  _printf_wchar.o(.text)
    _printf_wstring                          0x08001151   Thumb Code     8  _printf_wchar.o(.text)
    _c16rtomb                                0x08001159   Thumb Code    72  _c16rtomb.o(.text)
    _wcrtomb                                 0x08001159   Thumb Code     0  _c16rtomb.o(.text)
    __user_setup_stackheap                   0x080011a1   Thumb Code    74  sys_stackheap_outer.o(.text)
    __rt_ctype_table                         0x080011ed   Thumb Code    16  rt_ctype_table.o(.text)
    __rt_locale                              0x080011fd   Thumb Code     8  rt_locale_intlibspace.o(.text)
    _printf_fp_infnan                        0x08001205   Thumb Code   112  _printf_fp_infnan.o(.text)
    _btod_etento                             0x08001285   Thumb Code   224  bigflt0.o(.text)
    exit                                     0x08001369   Thumb Code    18  exit.o(.text)
    __user_libspace                          0x0800137d   Thumb Code     8  libspace.o(.text)
    __user_perproc_libspace                  0x0800137d   Thumb Code     0  libspace.o(.text)
    __user_perthread_libspace                0x0800137d   Thumb Code     0  libspace.o(.text)
    strcmp                                   0x08001385   Thumb Code   128  strcmpv7m.o(.text)
    __I$use$semihosting                      0x08001405   Thumb Code     0  use_no_semi.o(.text)
    __use_no_semihosting_swi                 0x08001405   Thumb Code     2  use_no_semi.o(.text)
    __semihosting_library_function           0x08001407   Thumb Code     0  indicate_semi.o(.text)
    _sys_exit                                0x08001409   Thumb Code     8  sys_exit.o(.text)
    ClearBullet                              0x08001415   Thumb Code    32  lcd.o(.text.ClearBullet)
    ClearEnemy                               0x08001435   Thumb Code    30  lcd.o(.text.ClearEnemy)
    ClearPlayer                              0x08001455   Thumb Code    30  lcd.o(.text.ClearPlayer)
    DrawEndScreen                            0x08001475   Thumb Code   352  lcd.o(.text.DrawEndScreen)
    DrawGameFullScreen                       0x080015d5   Thumb Code   544  lcd.o(.text.DrawGameFullScreen)
    DrawMainMenu                             0x080017f5   Thumb Code   408  lcd.o(.text.DrawMainMenu)
    DrawManual                               0x0800198d   Thumb Code   204  lcd.o(.text.DrawManual)
    EXTI0_IRQHandler                         0x08001a59   Thumb Code    48  button.o(.text.EXTI0_IRQHandler)
    EXTI1_IRQHandler                         0x08001a89   Thumb Code    50  button.o(.text.EXTI1_IRQHandler)
    EXTI3_IRQHandler                         0x08001abd   Thumb Code    50  button.o(.text.EXTI3_IRQHandler)
    EXTI4_IRQHandler                         0x08001af1   Thumb Code    50  button.o(.text.EXTI4_IRQHandler)
    EXTI9_5_IRQHandler                       0x08001b25   Thumb Code    50  button.o(.text.EXTI9_5_IRQHandler)
    GPIO_Button_Init                         0x08001b59   Thumb Code   172  button.o(.text.GPIO_Button_Init)
    GPIO_Config                              0x08001c05   Thumb Code    80  lcd.o(.text.GPIO_Config)
    GPIO_Init                                0x08001c55   Thumb Code   390  stm32f10x_gpio.o(.text.GPIO_Init)
    GPIO_ResetBits                           0x08001ddd   Thumb Code    20  stm32f10x_gpio.o(.text.GPIO_ResetBits)
    GPIO_SetBits                             0x08001df1   Thumb Code    20  stm32f10x_gpio.o(.text.GPIO_SetBits)
    Game_Init                                0x08001e05   Thumb Code    26  game_logic.o(.text.Game_Init)
    Game_Loop                                0x08001e21   Thumb Code   120  game_logic.o(.text.Game_Loop)
    Gameplay_Init                            0x08001e99   Thumb Code   198  game_play.o(.text.Gameplay_Init)
    RCC_APB2PeriphClockCmd                   0x08001f61   Thumb Code    56  stm32f10x_rcc.o(.text.RCC_APB2PeriphClockCmd)
    SPI_Cmd                                  0x08001f99   Thumb Code    44  stm32f10x_spi.o(.text.SPI_Cmd)
    SPI_Config                               0x08001fc5   Thumb Code   108  lcd.o(.text.SPI_Config)
    SPI_I2S_GetFlagStatus                    0x08002031   Thumb Code    54  stm32f10x_spi.o(.text.SPI_I2S_GetFlagStatus)
    SPI_I2S_SendData                         0x08002069   Thumb Code    20  stm32f10x_spi.o(.text.SPI_I2S_SendData)
    SPI_Init                                 0x0800207d   Thumb Code   104  stm32f10x_spi.o(.text.SPI_Init)
    SPI_SendData                             0x080020e5   Thumb Code    72  lcd.o(.text.SPI_SendData)
    ST7735_Clear                             0x0800212d   Thumb Code   106  lcd.o(.text.ST7735_Clear)
    ST7735_DrawChar                          0x08002199   Thumb Code   238  lcd.o(.text.ST7735_DrawChar)
    ST7735_DrawPixel                         0x08002289   Thumb Code    52  lcd.o(.text.ST7735_DrawPixel)
    ST7735_DrawSmallCircle                   0x080022bd   Thumb Code   212  lcd.o(.text.ST7735_DrawSmallCircle)
    ST7735_DrawString                        0x08002391   Thumb Code    88  lcd.o(.text.ST7735_DrawString)
    ST7735_FillRect                          0x080023e9   Thumb Code   122  lcd.o(.text.ST7735_FillRect)
    ST7735_Init                              0x08002465   Thumb Code   238  lcd.o(.text.ST7735_Init)
    ST7735_SendCommand                       0x08002555   Thumb Code    54  lcd.o(.text.ST7735_SendCommand)
    ST7735_SendData                          0x0800258d   Thumb Code    54  lcd.o(.text.ST7735_SendData)
    ST7735_SetAddressWindow                  0x080025c5   Thumb Code   100  lcd.o(.text.ST7735_SetAddressWindow)
    SysTick_Handler                          0x08002755   Thumb Code    16  button.o(.text.SysTick_Handler)
    SystemClock_Config                       0x08002765   Thumb Code   182  main.o(.text.SystemClock_Config)
    SystemInit                               0x0800281d   Thumb Code   102  system_stm32f10x.o(.text.SystemInit)
    checkEnemyBulletCollisions               0x080028b5   Thumb Code   188  game_play.o(.text.checkEnemyBulletCollisions)
    checkPlayerBulletCollisions              0x08002971   Thumb Code   306  game_play.o(.text.checkPlayerBulletCollisions)
    checkPlayerEnemyCollisions               0x08002aa5   Thumb Code   218  game_play.o(.text.checkPlayerEnemyCollisions)
    cleanUpBullets                           0x08002b81   Thumb Code   138  game_play.o(.text.cleanUpBullets)
    cleanUpEnemies                           0x08002c0d   Thumb Code   144  game_play.o(.text.cleanUpEnemies)
    createEnemyBullet                        0x08002c9d   Thumb Code    86  game_play.o(.text.createEnemyBullet)
    createPlayerBullet                       0x08002cf5   Thumb Code    86  game_play.o(.text.createPlayerBullet)
    enemyShootRandomly                       0x08002d4d   Thumb Code   134  game_play.o(.text.enemyShootRandomly)
    getButtonInput                           0x08002dd5   Thumb Code    24  button.o(.text.getButtonInput)
    handleGameOver                           0x08002ded   Thumb Code   316  game_logic.o(.text.handleGameOver)
    handleGamePlaying                        0x08002f29   Thumb Code   470  game_logic.o(.text.handleGamePlaying)
    handleManual                             0x08003101   Thumb Code   106  game_logic.o(.text.handleManual)
    handleMenu                               0x0800316d   Thumb Code   348  game_logic.o(.text.handleMenu)
    handlePlayerInput                        0x080032c9   Thumb Code   146  game_play.o(.text.handlePlayerInput)
    main                                     0x0800335d   Thumb Code    48  main.o(.text.main)
    resetStateFlags                          0x0800338d   Thumb Code    26  game_logic.o(.text.resetStateFlags)
    updateEndLCD                             0x080033a9   Thumb Code   260  lcd.o(.text.updateEndLCD)
    updateEnemyBullets                       0x080034ad   Thumb Code   122  game_play.o(.text.updateEnemyBullets)
    updateEnemyPositions                     0x08003529   Thumb Code   268  game_play.o(.text.updateEnemyPositions)
    updateMenuLCD                            0x08003635   Thumb Code   410  lcd.o(.text.updateMenuLCD)
    updatePlayerBullets                      0x080037d1   Thumb Code   124  game_play.o(.text.updatePlayerBullets)
    _btod_d2e                                0x0800384d   Thumb Code    62  btod.o(CL$$btod_d2e)
    _d2e_denorm_low                          0x0800388b   Thumb Code    70  btod.o(CL$$btod_d2e_denorm_low)
    _d2e_norm_op1                            0x080038d1   Thumb Code    96  btod.o(CL$$btod_d2e_norm_op1)
    __btod_div_common                        0x08003931   Thumb Code   696  btod.o(CL$$btod_div_common)
    _e2e                                     0x08003c69   Thumb Code   220  btod.o(CL$$btod_e2e)
    _btod_ediv                               0x08003d45   Thumb Code    42  btod.o(CL$$btod_ediv)
    _btod_emul                               0x08003d6f   Thumb Code    42  btod.o(CL$$btod_emul)
    __btod_mult_common                       0x08003d99   Thumb Code   580  btod.o(CL$$btod_mult_common)
    __ARM_fpclassify                         0x08003fdd   Thumb Code    40  fpclassify.o(i.__ARM_fpclassify)
    _is_digit                                0x08004005   Thumb Code    14  __printf_wp.o(i._is_digit)
    _get_lc_numeric                          0x08004015   Thumb Code    44  lc_numeric_c.o(locale$$code)
    _get_lc_ctype                            0x08004041   Thumb Code    44  lc_ctype_c.o(locale$$code)
    _printf_fp_dec                           0x0800406d   Thumb Code     4  printf1.o(x$fpl$printf1)
    _printf_fp_hex                           0x08004071   Thumb Code     4  printf2.o(x$fpl$printf2)
    __I$use$fp                               0x08004074   Number         0  usenofp.o(x$fpl$usenofp)
    Font5x7                                  0x08004170   Data        1275  lcd.o(.rodata.Font5x7)
    smallCircle                              0x0800466c   Data          36  lcd.o(.rodata.smallCircle)
    Region$$Table$$Base                      0x08004760   Number         0  anon$$obj.o(Region$$Table)
    Region$$Table$$Limit                     0x08004780   Number         0  anon$$obj.o(Region$$Table)
    __ctype                                  0x080047a9   Data           0  lc_ctype_c.o(locale$$data)
    enemyCount                               0x20000004   Data           1  game_play.o(.data.enemyCount)
    level                                    0x20000005   Data           1  game_logic.o(.data.level)
    selectedOption                           0x20000008   Data           4  game_logic.o(.data.selectedOption)
    _random_number_data                      0x20000010   Data         228  rand.o(.bss)
    __libspace_start                         0x200000f4   Data          96  libspace.o(.bss)
    __temporary_stack_top$libspace           0x20000154   Data           0  libspace.o(.bss)
    bulletCount                              0x20000154   Data           1  game_play.o(.bss.bulletCount)
    bullets                                  0x20000155   Data          30  game_play.o(.bss.bullets)
    buttonState                              0x20000174   Data           4  button.o(.bss.buttonState)
    currentEndOption                         0x20000178   Data           1  lcd.o(.bss.currentEndOption)
    currentMenuOption                        0x20000179   Data           1  lcd.o(.bss.currentMenuOption)
    enemies                                  0x2000017a   Data          30  game_play.o(.bss.enemies)
    enemyBulletCount                         0x20000198   Data           1  game_play.o(.bss.enemyBulletCount)
    enemyBullets                             0x20000199   Data          30  game_play.o(.bss.enemyBullets)
    finalScore                               0x200001b8   Data           2  game_logic.o(.bss.finalScore)
    gameState                                0x200001ba   Data           1  game_logic.o(.bss.gameState)
    isWin                                    0x200001bb   Data           1  game_logic.o(.bss.isWin)
    manualInitialized                        0x200001bc   Data           1  game_logic.o(.bss.manualInitialized)
    menuInitialized                          0x200001bd   Data           1  game_logic.o(.bss.menuInitialized)
    msTicks                                  0x200001c0   Data           4  button.o(.bss.msTicks)
    overInitialized                          0x200001c4   Data           1  game_logic.o(.bss.overInitialized)
    playInitialized                          0x200001c5   Data           1  game_logic.o(.bss.playInitialized)
    player                                   0x200001c6   Data           3  game_play.o(.bss.player)
    previousState                            0x200001c9   Data           1  game_logic.o(.bss.previousState)
    stateFlags                               0x200001ca   Data           4  game_logic.o(.bss.stateFlags)



==============================================================================

Memory Map of the image

  Image Entry point : 0x08000299

  Load Region LR_1 (Base: 0x08000000, Size: 0x000048b8, Max: 0xffffffff, ABSOLUTE)

    Execution Region ER_RO (Exec base: 0x08000000, Load base: 0x08000000, Size: 0x000048ac, Max: 0xffffffff, ABSOLUTE)

    Exec Addr    Load Addr    Size         Type   Attr      Idx    E Section Name        Object

    0x08000000   0x08000000   0x000000ec   Data   RO          840    RESET               startup_stm32f10x_md.o
    0x080000ec   0x080000ec   0x00000008   Code   RO          875  * !!!main             c_w.l(__main.o)
    0x080000f4   0x080000f4   0x0000005c   Code   RO         1212    !!!scatter          c_w.l(__scatter.o)
    0x08000150   0x08000150   0x0000001a   Code   RO         1216    !!handler_copy      c_w.l(__scatter_copy.o)
    0x0800016a   0x0800016a   0x00000002   PAD
    0x0800016c   0x0800016c   0x00000002   Code   RO         1213    !!handler_null      c_w.l(__scatter.o)
    0x0800016e   0x0800016e   0x00000002   PAD
    0x08000170   0x08000170   0x0000001c   Code   RO         1218    !!handler_zi        c_w.l(__scatter_zi.o)
    0x0800018c   0x0800018c   0x00000000   Code   RO          959    .ARM.Collect$$_printf_percent$$00000000  c_w.l(_printf_percent.o)
    0x0800018c   0x0800018c   0x00000006   Code   RO          948    .ARM.Collect$$_printf_percent$$00000001  c_w.l(_printf_n.o)
    0x08000192   0x08000192   0x00000006   Code   RO          950    .ARM.Collect$$_printf_percent$$00000002  c_w.l(_printf_p.o)
    0x08000198   0x08000198   0x00000006   Code   RO          955    .ARM.Collect$$_printf_percent$$00000003  c_w.l(_printf_f.o)
    0x0800019e   0x0800019e   0x00000006   Code   RO          956    .ARM.Collect$$_printf_percent$$00000004  c_w.l(_printf_e.o)
    0x080001a4   0x080001a4   0x00000006   Code   RO          957    .ARM.Collect$$_printf_percent$$00000005  c_w.l(_printf_g.o)
    0x080001aa   0x080001aa   0x00000006   Code   RO          958    .ARM.Collect$$_printf_percent$$00000006  c_w.l(_printf_a.o)
    0x080001b0   0x080001b0   0x0000000a   Code   RO          963    .ARM.Collect$$_printf_percent$$00000007  c_w.l(_printf_ll.o)
    0x080001ba   0x080001ba   0x00000006   Code   RO          952    .ARM.Collect$$_printf_percent$$00000008  c_w.l(_printf_i.o)
    0x080001c0   0x080001c0   0x00000006   Code   RO          953    .ARM.Collect$$_printf_percent$$00000009  c_w.l(_printf_d.o)
    0x080001c6   0x080001c6   0x00000006   Code   RO          954    .ARM.Collect$$_printf_percent$$0000000A  c_w.l(_printf_u.o)
    0x080001cc   0x080001cc   0x00000006   Code   RO          951    .ARM.Collect$$_printf_percent$$0000000B  c_w.l(_printf_o.o)
    0x080001d2   0x080001d2   0x00000006   Code   RO          949    .ARM.Collect$$_printf_percent$$0000000C  c_w.l(_printf_x.o)
    0x080001d8   0x080001d8   0x00000006   Code   RO          960    .ARM.Collect$$_printf_percent$$0000000D  c_w.l(_printf_lli.o)
    0x080001de   0x080001de   0x00000006   Code   RO          961    .ARM.Collect$$_printf_percent$$0000000E  c_w.l(_printf_lld.o)
    0x080001e4   0x080001e4   0x00000006   Code   RO          962    .ARM.Collect$$_printf_percent$$0000000F  c_w.l(_printf_llu.o)
    0x080001ea   0x080001ea   0x00000006   Code   RO          967    .ARM.Collect$$_printf_percent$$00000010  c_w.l(_printf_llo.o)
    0x080001f0   0x080001f0   0x00000006   Code   RO          968    .ARM.Collect$$_printf_percent$$00000011  c_w.l(_printf_llx.o)
    0x080001f6   0x080001f6   0x0000000a   Code   RO          964    .ARM.Collect$$_printf_percent$$00000012  c_w.l(_printf_l.o)
    0x08000200   0x08000200   0x00000006   Code   RO          946    .ARM.Collect$$_printf_percent$$00000013  c_w.l(_printf_c.o)
    0x08000206   0x08000206   0x00000006   Code   RO          947    .ARM.Collect$$_printf_percent$$00000014  c_w.l(_printf_s.o)
    0x0800020c   0x0800020c   0x00000006   Code   RO          965    .ARM.Collect$$_printf_percent$$00000015  c_w.l(_printf_lc.o)
    0x08000212   0x08000212   0x00000006   Code   RO          966    .ARM.Collect$$_printf_percent$$00000016  c_w.l(_printf_ls.o)
    0x08000218   0x08000218   0x00000004   Code   RO         1056    .ARM.Collect$$_printf_percent$$00000017  c_w.l(_printf_percent_end.o)
    0x0800021c   0x0800021c   0x00000002   Code   RO         1115    .ARM.Collect$$libinit$$00000000  c_w.l(libinit.o)
    0x0800021e   0x0800021e   0x00000000   Code   RO          970    .ARM.Collect$$libinit$$00000002  c_w.l(libinit2.o)
    0x0800021e   0x0800021e   0x00000000   Code   RO          972    .ARM.Collect$$libinit$$00000004  c_w.l(libinit2.o)
    0x0800021e   0x0800021e   0x00000000   Code   RO          974    .ARM.Collect$$libinit$$00000006  c_w.l(libinit2.o)
    0x0800021e   0x0800021e   0x00000000   Code   RO          977    .ARM.Collect$$libinit$$0000000C  c_w.l(libinit2.o)
    0x0800021e   0x0800021e   0x00000000   Code   RO          979    .ARM.Collect$$libinit$$0000000E  c_w.l(libinit2.o)
    0x0800021e   0x0800021e   0x00000004   Code   RO          980    .ARM.Collect$$libinit$$0000000F  c_w.l(libinit2.o)
    0x08000222   0x08000222   0x00000000   Code   RO          981    .ARM.Collect$$libinit$$00000010  c_w.l(libinit2.o)
    0x08000222   0x08000222   0x00000006   Code   RO          982    .ARM.Collect$$libinit$$00000011  c_w.l(libinit2.o)
    0x08000228   0x08000228   0x00000000   Code   RO          984    .ARM.Collect$$libinit$$00000013  c_w.l(libinit2.o)
    0x08000228   0x08000228   0x0000000c   Code   RO          985    .ARM.Collect$$libinit$$00000014  c_w.l(libinit2.o)
    0x08000234   0x08000234   0x00000000   Code   RO          986    .ARM.Collect$$libinit$$00000015  c_w.l(libinit2.o)
    0x08000234   0x08000234   0x00000000   Code   RO          988    .ARM.Collect$$libinit$$00000017  c_w.l(libinit2.o)
    0x08000234   0x08000234   0x0000000a   Code   RO          989    .ARM.Collect$$libinit$$00000018  c_w.l(libinit2.o)
    0x0800023e   0x0800023e   0x00000000   Code   RO          990    .ARM.Collect$$libinit$$00000019  c_w.l(libinit2.o)
    0x0800023e   0x0800023e   0x00000000   Code   RO          992    .ARM.Collect$$libinit$$0000001B  c_w.l(libinit2.o)
    0x0800023e   0x0800023e   0x00000000   Code   RO          994    .ARM.Collect$$libinit$$0000001D  c_w.l(libinit2.o)
    0x0800023e   0x0800023e   0x00000000   Code   RO          996    .ARM.Collect$$libinit$$0000001F  c_w.l(libinit2.o)
    0x0800023e   0x0800023e   0x00000000   Code   RO          998    .ARM.Collect$$libinit$$00000021  c_w.l(libinit2.o)
    0x0800023e   0x0800023e   0x00000000   Code   RO         1000    .ARM.Collect$$libinit$$00000023  c_w.l(libinit2.o)
    0x0800023e   0x0800023e   0x00000000   Code   RO         1002    .ARM.Collect$$libinit$$00000025  c_w.l(libinit2.o)
    0x0800023e   0x0800023e   0x00000000   Code   RO         1004    .ARM.Collect$$libinit$$00000027  c_w.l(libinit2.o)
    0x0800023e   0x0800023e   0x00000000   Code   RO         1008    .ARM.Collect$$libinit$$0000002E  c_w.l(libinit2.o)
    0x0800023e   0x0800023e   0x00000000   Code   RO         1010    .ARM.Collect$$libinit$$00000030  c_w.l(libinit2.o)
    0x0800023e   0x0800023e   0x00000000   Code   RO         1012    .ARM.Collect$$libinit$$00000032  c_w.l(libinit2.o)
    0x0800023e   0x0800023e   0x00000000   Code   RO         1014    .ARM.Collect$$libinit$$00000034  c_w.l(libinit2.o)
    0x0800023e   0x0800023e   0x00000002   Code   RO         1015    .ARM.Collect$$libinit$$00000035  c_w.l(libinit2.o)
    0x08000240   0x08000240   0x00000002   Code   RO         1171    .ARM.Collect$$libshutdown$$00000000  c_w.l(libshutdown.o)
    0x08000242   0x08000242   0x00000000   Code   RO         1179    .ARM.Collect$$libshutdown$$00000002  c_w.l(libshutdown2.o)
    0x08000242   0x08000242   0x00000000   Code   RO         1181    .ARM.Collect$$libshutdown$$00000004  c_w.l(libshutdown2.o)
    0x08000242   0x08000242   0x00000000   Code   RO         1184    .ARM.Collect$$libshutdown$$00000007  c_w.l(libshutdown2.o)
    0x08000242   0x08000242   0x00000000   Code   RO         1187    .ARM.Collect$$libshutdown$$0000000A  c_w.l(libshutdown2.o)
    0x08000242   0x08000242   0x00000000   Code   RO         1189    .ARM.Collect$$libshutdown$$0000000C  c_w.l(libshutdown2.o)
    0x08000242   0x08000242   0x00000000   Code   RO         1192    .ARM.Collect$$libshutdown$$0000000F  c_w.l(libshutdown2.o)
    0x08000242   0x08000242   0x00000002   Code   RO         1193    .ARM.Collect$$libshutdown$$00000010  c_w.l(libshutdown2.o)
    0x08000244   0x08000244   0x00000000   Code   RO          877    .ARM.Collect$$rtentry$$00000000  c_w.l(__rtentry.o)
    0x08000244   0x08000244   0x00000000   Code   RO         1025    .ARM.Collect$$rtentry$$00000002  c_w.l(__rtentry2.o)
    0x08000244   0x08000244   0x00000006   Code   RO         1037    .ARM.Collect$$rtentry$$00000004  c_w.l(__rtentry4.o)
    0x0800024a   0x0800024a   0x00000000   Code   RO         1027    .ARM.Collect$$rtentry$$00000009  c_w.l(__rtentry2.o)
    0x0800024a   0x0800024a   0x00000004   Code   RO         1028    .ARM.Collect$$rtentry$$0000000A  c_w.l(__rtentry2.o)
    0x0800024e   0x0800024e   0x00000000   Code   RO         1030    .ARM.Collect$$rtentry$$0000000C  c_w.l(__rtentry2.o)
    0x0800024e   0x0800024e   0x00000008   Code   RO         1031    .ARM.Collect$$rtentry$$0000000D  c_w.l(__rtentry2.o)
    0x08000256   0x08000256   0x00000002   Code   RO         1128    .ARM.Collect$$rtexit$$00000000  c_w.l(rtexit.o)
    0x08000258   0x08000258   0x00000000   Code   RO         1147    .ARM.Collect$$rtexit$$00000002  c_w.l(rtexit2.o)
    0x08000258   0x08000258   0x00000004   Code   RO         1148    .ARM.Collect$$rtexit$$00000003  c_w.l(rtexit2.o)
    0x0800025c   0x0800025c   0x00000006   Code   RO         1149    .ARM.Collect$$rtexit$$00000004  c_w.l(rtexit2.o)
    0x08000262   0x08000262   0x00000002   PAD
    0x08000264   0x08000264   0x00000034   Code   RO          868    .emb_text           c_w.l(rand.o)
    0x08000298   0x08000298   0x00000040   Code   RO          841  * .text               startup_stm32f10x_md.o
    0x080002d8   0x080002d8   0x0000002c   Code   RO          866    .text               c_w.l(sprintf.o)
    0x08000304   0x08000304   0x0000003c   Code   RO          869    .text               c_w.l(rand.o)
    0x08000340   0x08000340   0x00000006   Code   RO          873    .text               c_w.l(heapauxi.o)
    0x08000346   0x08000346   0x0000004e   Code   RO          880    .text               c_w.l(_printf_pad.o)
    0x08000394   0x08000394   0x00000024   Code   RO          882    .text               c_w.l(_printf_truncate.o)
    0x080003b8   0x080003b8   0x00000052   Code   RO          884    .text               c_w.l(_printf_str.o)
    0x0800040a   0x0800040a   0x00000002   PAD
    0x0800040c   0x0800040c   0x00000078   Code   RO          886    .text               c_w.l(_printf_dec.o)
    0x08000484   0x08000484   0x00000028   Code   RO          888    .text               c_w.l(_printf_charcount.o)
    0x080004ac   0x080004ac   0x00000030   Code   RO          890    .text               c_w.l(_printf_char_common.o)
    0x080004dc   0x080004dc   0x0000000a   Code   RO          892    .text               c_w.l(_sputc.o)
    0x080004e6   0x080004e6   0x00000002   PAD
    0x080004e8   0x080004e8   0x000000bc   Code   RO          894    .text               c_w.l(_printf_wctomb.o)
    0x080005a4   0x080005a4   0x0000007c   Code   RO          897    .text               c_w.l(_printf_longlong_dec.o)
    0x08000620   0x08000620   0x00000070   Code   RO          903    .text               c_w.l(_printf_oct_int_ll.o)
    0x08000690   0x08000690   0x00000094   Code   RO          923    .text               c_w.l(_printf_hex_int_ll_ptr.o)
    0x08000724   0x08000724   0x00000188   Code   RO          943    .text               c_w.l(__printf_flags_ss_wp.o)
    0x080008ac   0x080008ac   0x0000008a   Code   RO         1039    .text               c_w.l(lludiv10.o)
    0x08000936   0x08000936   0x000000b2   Code   RO         1041    .text               c_w.l(_printf_intcommon.o)
    0x080009e8   0x080009e8   0x0000041c   Code   RO         1043    .text               c_w.l(_printf_fp_dec.o)
    0x08000e04   0x08000e04   0x000002fc   Code   RO         1047    .text               c_w.l(_printf_fp_hex.o)
    0x08001100   0x08001100   0x0000002c   Code   RO         1052    .text               c_w.l(_printf_char.o)
    0x0800112c   0x0800112c   0x0000002c   Code   RO         1054    .text               c_w.l(_printf_wchar.o)
    0x08001158   0x08001158   0x00000048   Code   RO         1057    .text               c_w.l(_c16rtomb.o)
    0x080011a0   0x080011a0   0x0000004a   Code   RO         1063    .text               c_w.l(sys_stackheap_outer.o)
    0x080011ea   0x080011ea   0x00000002   PAD
    0x080011ec   0x080011ec   0x00000010   Code   RO         1065    .text               c_w.l(rt_ctype_table.o)
    0x080011fc   0x080011fc   0x00000008   Code   RO         1070    .text               c_w.l(rt_locale_intlibspace.o)
    0x08001204   0x08001204   0x00000080   Code   RO         1072    .text               c_w.l(_printf_fp_infnan.o)
    0x08001284   0x08001284   0x000000e4   Code   RO         1074    .text               c_w.l(bigflt0.o)
    0x08001368   0x08001368   0x00000012   Code   RO         1104    .text               c_w.l(exit.o)
    0x0800137a   0x0800137a   0x00000002   PAD
    0x0800137c   0x0800137c   0x00000008   Code   RO         1125    .text               c_w.l(libspace.o)
    0x08001384   0x08001384   0x00000080   Code   RO         1141    .text               c_w.l(strcmpv7m.o)
    0x08001404   0x08001404   0x00000002   Code   RO         1143    .text               c_w.l(use_no_semi.o)
    0x08001406   0x08001406   0x00000000   Code   RO         1145    .text               c_w.l(indicate_semi.o)
    0x08001406   0x08001406   0x00000002   PAD
    0x08001408   0x08001408   0x0000000c   Code   RO         1161    .text               c_w.l(sys_exit.o)
    0x08001414   0x08001414   0x00000020   Code   RO          136    .text.ClearBullet   lcd.o
    0x08001434   0x08001434   0x0000001e   Code   RO          134    .text.ClearEnemy    lcd.o
    0x08001452   0x08001452   0x00000002   PAD
    0x08001454   0x08001454   0x0000001e   Code   RO          132    .text.ClearPlayer   lcd.o
    0x08001472   0x08001472   0x00000002   PAD
    0x08001474   0x08001474   0x00000160   Code   RO          124    .text.DrawEndScreen  lcd.o
    0x080015d4   0x080015d4   0x00000220   Code   RO          130    .text.DrawGameFullScreen  lcd.o
    0x080017f4   0x080017f4   0x00000198   Code   RO          116    .text.DrawMainMenu  lcd.o
    0x0800198c   0x0800198c   0x000000cc   Code   RO          128    .text.DrawManual    lcd.o
    0x08001a58   0x08001a58   0x00000030   Code   RO           62    .text.EXTI0_IRQHandler  button.o
    0x08001a88   0x08001a88   0x00000032   Code   RO           64    .text.EXTI1_IRQHandler  button.o
    0x08001aba   0x08001aba   0x00000002   PAD
    0x08001abc   0x08001abc   0x00000032   Code   RO           66    .text.EXTI3_IRQHandler  button.o
    0x08001aee   0x08001aee   0x00000002   PAD
    0x08001af0   0x08001af0   0x00000032   Code   RO           68    .text.EXTI4_IRQHandler  button.o
    0x08001b22   0x08001b22   0x00000002   PAD
    0x08001b24   0x08001b24   0x00000032   Code   RO           70    .text.EXTI9_5_IRQHandler  button.o
    0x08001b56   0x08001b56   0x00000002   PAD
    0x08001b58   0x08001b58   0x000000ac   Code   RO           46    .text.GPIO_Button_Init  button.o
    0x08001c04   0x08001c04   0x00000050   Code   RO           86    .text.GPIO_Config   lcd.o
    0x08001c54   0x08001c54   0x00000186   Code   RO          420    .text.GPIO_Init     stm32f10x_gpio.o
    0x08001dda   0x08001dda   0x00000002   PAD
    0x08001ddc   0x08001ddc   0x00000014   Code   RO          434    .text.GPIO_ResetBits  stm32f10x_gpio.o
    0x08001df0   0x08001df0   0x00000014   Code   RO          432    .text.GPIO_SetBits  stm32f10x_gpio.o
    0x08001e04   0x08001e04   0x0000001a   Code   RO           16    .text.Game_Init     game_logic.o
    0x08001e1e   0x08001e1e   0x00000002   PAD
    0x08001e20   0x08001e20   0x00000078   Code   RO           18    .text.Game_Loop     game_logic.o
    0x08001e98   0x08001e98   0x000000c6   Code   RO          161    .text.Gameplay_Init  game_play.o
    0x08001f5e   0x08001f5e   0x00000002   PAD
    0x08001f60   0x08001f60   0x00000038   Code   RO          503    .text.RCC_APB2PeriphClockCmd  stm32f10x_rcc.o
    0x08001f98   0x08001f98   0x0000002c   Code   RO          542    .text.SPI_Cmd       stm32f10x_spi.o
    0x08001fc4   0x08001fc4   0x0000006c   Code   RO           88    .text.SPI_Config    lcd.o
    0x08002030   0x08002030   0x00000036   Code   RO          570    .text.SPI_I2S_GetFlagStatus  stm32f10x_spi.o
    0x08002066   0x08002066   0x00000002   PAD
    0x08002068   0x08002068   0x00000014   Code   RO          550    .text.SPI_I2S_SendData  stm32f10x_spi.o
    0x0800207c   0x0800207c   0x00000068   Code   RO          534    .text.SPI_Init      stm32f10x_spi.o
    0x080020e4   0x080020e4   0x00000048   Code   RO           90    .text.SPI_SendData  lcd.o
    0x0800212c   0x0800212c   0x0000006a   Code   RO          110    .text.ST7735_Clear  lcd.o
    0x08002196   0x08002196   0x00000002   PAD
    0x08002198   0x08002198   0x000000ee   Code   RO          104    .text.ST7735_DrawChar  lcd.o
    0x08002286   0x08002286   0x00000002   PAD
    0x08002288   0x08002288   0x00000034   Code   RO          100    .text.ST7735_DrawPixel  lcd.o
    0x080022bc   0x080022bc   0x000000d4   Code   RO          112    .text.ST7735_DrawSmallCircle  lcd.o
    0x08002390   0x08002390   0x00000058   Code   RO          106    .text.ST7735_DrawString  lcd.o
    0x080023e8   0x080023e8   0x0000007a   Code   RO          102    .text.ST7735_FillRect  lcd.o
    0x08002462   0x08002462   0x00000002   PAD
    0x08002464   0x08002464   0x000000ee   Code   RO           96    .text.ST7735_Init   lcd.o
    0x08002552   0x08002552   0x00000002   PAD
    0x08002554   0x08002554   0x00000036   Code   RO           92    .text.ST7735_SendCommand  lcd.o
    0x0800258a   0x0800258a   0x00000002   PAD
    0x0800258c   0x0800258c   0x00000036   Code   RO           94    .text.ST7735_SendData  lcd.o
    0x080025c2   0x080025c2   0x00000002   PAD
    0x080025c4   0x080025c4   0x00000064   Code   RO           98    .text.ST7735_SetAddressWindow  lcd.o
    0x08002628   0x08002628   0x00000008   Code   RO          850    .text.SetSysClock   system_stm32f10x.o
    0x08002630   0x08002630   0x00000122   Code   RO          854    .text.SetSysClockTo72  system_stm32f10x.o
    0x08002752   0x08002752   0x00000002   PAD
    0x08002754   0x08002754   0x00000010   Code   RO           50    .text.SysTick_Handler  button.o
    0x08002764   0x08002764   0x000000b6   Code   RO            2    .text.SystemClock_Config  main.o
    0x0800281a   0x0800281a   0x00000002   PAD
    0x0800281c   0x0800281c   0x00000066   Code   RO          848    .text.SystemInit    system_stm32f10x.o
    0x08002882   0x08002882   0x00000002   PAD
    0x08002884   0x08002884   0x00000030   Code   RO           48    .text.__NVIC_EnableIRQ  button.o
    0x080028b4   0x080028b4   0x000000bc   Code   RO          173    .text.checkEnemyBulletCollisions  game_play.o
    0x08002970   0x08002970   0x00000132   Code   RO          171    .text.checkPlayerBulletCollisions  game_play.o
    0x08002aa2   0x08002aa2   0x00000002   PAD
    0x08002aa4   0x08002aa4   0x000000da   Code   RO          175    .text.checkPlayerEnemyCollisions  game_play.o
    0x08002b7e   0x08002b7e   0x00000002   PAD
    0x08002b80   0x08002b80   0x0000008a   Code   RO          181    .text.cleanUpBullets  game_play.o
    0x08002c0a   0x08002c0a   0x00000002   PAD
    0x08002c0c   0x08002c0c   0x00000090   Code   RO          183    .text.cleanUpEnemies  game_play.o
    0x08002c9c   0x08002c9c   0x00000056   Code   RO          165    .text.createEnemyBullet  game_play.o
    0x08002cf2   0x08002cf2   0x00000002   PAD
    0x08002cf4   0x08002cf4   0x00000056   Code   RO          163    .text.createPlayerBullet  game_play.o
    0x08002d4a   0x08002d4a   0x00000002   PAD
    0x08002d4c   0x08002d4c   0x00000086   Code   RO          187    .text.enemyShootRandomly  game_play.o
    0x08002dd2   0x08002dd2   0x00000002   PAD
    0x08002dd4   0x08002dd4   0x00000018   Code   RO           72    .text.getButtonInput  button.o
    0x08002dec   0x08002dec   0x0000013c   Code   RO           26    .text.handleGameOver  game_logic.o
    0x08002f28   0x08002f28   0x000001d6   Code   RO           22    .text.handleGamePlaying  game_logic.o
    0x080030fe   0x080030fe   0x00000002   PAD
    0x08003100   0x08003100   0x0000006a   Code   RO           24    .text.handleManual  game_logic.o
    0x0800316a   0x0800316a   0x00000002   PAD
    0x0800316c   0x0800316c   0x0000015c   Code   RO           20    .text.handleMenu    game_logic.o
    0x080032c8   0x080032c8   0x00000092   Code   RO          185    .text.handlePlayerInput  game_play.o
    0x0800335a   0x0800335a   0x00000002   PAD
    0x0800335c   0x0800335c   0x00000030   Code   RO            4    .text.main          main.o
    0x0800338c   0x0800338c   0x0000001a   Code   RO           14    .text.resetStateFlags  game_logic.o
    0x080033a6   0x080033a6   0x00000002   PAD
    0x080033a8   0x080033a8   0x00000104   Code   RO          126    .text.updateEndLCD  lcd.o
    0x080034ac   0x080034ac   0x0000007a   Code   RO          179    .text.updateEnemyBullets  game_play.o
    0x08003526   0x08003526   0x00000002   PAD
    0x08003528   0x08003528   0x0000010c   Code   RO          169    .text.updateEnemyPositions  game_play.o
    0x08003634   0x08003634   0x0000019a   Code   RO          118    .text.updateMenuLCD  lcd.o
    0x080037ce   0x080037ce   0x00000002   PAD
    0x080037d0   0x080037d0   0x0000007c   Code   RO          177    .text.updatePlayerBullets  game_play.o
    0x0800384c   0x0800384c   0x0000003e   Code   RO         1077    CL$$btod_d2e        c_w.l(btod.o)
    0x0800388a   0x0800388a   0x00000046   Code   RO         1079    CL$$btod_d2e_denorm_low  c_w.l(btod.o)
    0x080038d0   0x080038d0   0x00000060   Code   RO         1078    CL$$btod_d2e_norm_op1  c_w.l(btod.o)
    0x08003930   0x08003930   0x00000338   Code   RO         1087    CL$$btod_div_common  c_w.l(btod.o)
    0x08003c68   0x08003c68   0x000000dc   Code   RO         1084    CL$$btod_e2e        c_w.l(btod.o)
    0x08003d44   0x08003d44   0x0000002a   Code   RO         1081    CL$$btod_ediv       c_w.l(btod.o)
    0x08003d6e   0x08003d6e   0x0000002a   Code   RO         1080    CL$$btod_emul       c_w.l(btod.o)
    0x08003d98   0x08003d98   0x00000244   Code   RO         1086    CL$$btod_mult_common  c_w.l(btod.o)
    0x08003fdc   0x08003fdc   0x00000028   Code   RO         1119    i.__ARM_fpclassify  m_ws.l(fpclassify.o)
    0x08004004   0x08004004   0x0000000e   Code   RO          936    i._is_digit         c_w.l(__printf_wp.o)
    0x08004012   0x08004012   0x00000002   PAD
    0x08004014   0x08004014   0x0000002c   Code   RO         1102    locale$$code        c_w.l(lc_numeric_c.o)
    0x08004040   0x08004040   0x0000002c   Code   RO         1135    locale$$code        c_w.l(lc_ctype_c.o)
    0x0800406c   0x0800406c   0x00000004   Code   RO         1016    x$fpl$printf1       fz_ws.l(printf1.o)
    0x08004070   0x08004070   0x00000004   Code   RO         1018    x$fpl$printf2       fz_ws.l(printf2.o)
    0x08004074   0x08004074   0x00000000   Code   RO         1118    x$fpl$usenofp       fz_ws.l(usenofp.o)
    0x08004074   0x08004074   0x00000008   Data   RO          895    .constdata          c_w.l(_printf_wctomb.o)
    0x0800407c   0x0800407c   0x00000028   Data   RO          924    .constdata          c_w.l(_printf_hex_int_ll_ptr.o)
    0x080040a4   0x080040a4   0x00000011   Data   RO          944    .constdata          c_w.l(__printf_flags_ss_wp.o)
    0x080040b5   0x080040b5   0x00000026   Data   RO         1048    .constdata          c_w.l(_printf_fp_hex.o)
    0x080040db   0x080040db   0x00000001   PAD
    0x080040dc   0x080040dc   0x00000094   Data   RO         1075    .constdata          c_w.l(bigflt0.o)
    0x08004170   0x08004170   0x000004fb   Data   RO          140    .rodata.Font5x7     lcd.o
    0x0800466b   0x0800466b   0x00000001   PAD
    0x0800466c   0x0800466c   0x00000024   Data   RO          141    .rodata.smallCircle  lcd.o
    0x08004690   0x08004690   0x000000d0   Data   RO          145    .rodata.str1.1      lcd.o
    0x08004760   0x08004760   0x00000020   Data   RO         1211    Region$$Table       anon$$obj.o
    0x08004780   0x08004780   0x0000001c   Data   RO         1101    locale$$data        c_w.l(lc_numeric_c.o)
    0x0800479c   0x0800479c   0x00000110   Data   RO         1134    locale$$data        c_w.l(lc_ctype_c.o)


    Execution Region ER_RW (Exec base: 0x20000000, Load base: 0x080048ac, Size: 0x0000000c, Max: 0xffffffff, ABSOLUTE)

    Exec Addr    Load Addr    Size         Type   Attr      Idx    E Section Name        Object

    0x20000000   0x080048ac   0x00000002   Data   RW          143    .data._height       lcd.o
    0x20000002   0x080048ae   0x00000002   Data   RW          142    .data._width        lcd.o
    0x20000004   0x080048b0   0x00000001   Data   RW          190    .data.enemyCount    game_play.o
    0x20000005   0x080048b1   0x00000001   Data   RW           30    .data.level         game_logic.o
    0x20000006   0x080048b2   0x00000002   PAD
    0x20000008   0x080048b4   0x00000004   Data   RW           36    .data.selectedOption  game_logic.o


    Execution Region ER_ZI (Exec base: 0x20000010, Load base: 0x080048b8, Size: 0x000007c0, Max: 0xffffffff, ABSOLUTE)

    Exec Addr    Load Addr    Size         Type   Attr      Idx    E Section Name        Object

    0x20000010        -       0x000000e4   Zero   RW          870    .bss                c_w.l(rand.o)
    0x200000f4        -       0x00000060   Zero   RW         1126    .bss                c_w.l(libspace.o)
    0x20000154        -       0x00000001   Zero   RW          189    .bss.bulletCount    game_play.o
    0x20000155        -       0x0000001e   Zero   RW          194    .bss.bullets        game_play.o
    0x20000173   0x080048b8   0x00000001   PAD
    0x20000174        -       0x00000004   Zero   RW           76    .bss.buttonState    button.o
    0x20000178        -       0x00000001   Zero   RW          147    .bss.currentEndOption  lcd.o
    0x20000179        -       0x00000001   Zero   RW          146    .bss.currentMenuOption  lcd.o
    0x2000017a        -       0x0000001e   Zero   RW          193    .bss.enemies        game_play.o
    0x20000198        -       0x00000001   Zero   RW          191    .bss.enemyBulletCount  game_play.o
    0x20000199        -       0x0000001e   Zero   RW          195    .bss.enemyBullets   game_play.o
    0x200001b7   0x080048b8   0x00000001   PAD
    0x200001b8        -       0x00000002   Zero   RW           29    .bss.finalScore     game_logic.o
    0x200001ba        -       0x00000001   Zero   RW           37    .bss.gameState      game_logic.o
    0x200001bb        -       0x00000001   Zero   RW           28    .bss.isWin          game_logic.o
    0x200001bc        -       0x00000001   Zero   RW           32    .bss.manualInitialized  game_logic.o
    0x200001bd        -       0x00000001   Zero   RW           31    .bss.menuInitialized  game_logic.o
    0x200001be   0x080048b8   0x00000002   PAD
    0x200001c0        -       0x00000004   Zero   RW           78    .bss.msTicks        button.o
    0x200001c4        -       0x00000001   Zero   RW           34    .bss.overInitialized  game_logic.o
    0x200001c5        -       0x00000001   Zero   RW           33    .bss.playInitialized  game_logic.o
    0x200001c6        -       0x00000003   Zero   RW          192    .bss.player         game_play.o
    0x200001c9        -       0x00000001   Zero   RW           38    .bss.previousState  game_logic.o
    0x200001ca        -       0x00000004   Zero   RW           35    .bss.stateFlags     game_logic.o
    0x200001ce   0x080048b8   0x00000002   PAD
    0x200001d0        -       0x00000200   Zero   RW          839    HEAP                startup_stm32f10x_md.o
    0x200003d0        -       0x00000400   Zero   RW          838    STACK               startup_stm32f10x_md.o


==============================================================================

Image component sizes


      Code (inc. data)   RO Data    RW Data    ZI Data      Debug   Object Name

       508          0          0          0          8       5595   button.o
      1412          4          0          5         13       2480   game_logic.o
      2158          6          0          1         95       5094   game_play.o
      3794          0       1519          4          2      11069   lcd.o
       230          0          0          0          0       1154   main.o
        64         26        236          0       1536        876   startup_stm32f10x_md.o
       430          0          0          0          0       5837   stm32f10x_gpio.o
        56          0          0          0          0       7165   stm32f10x_rcc.o
       222          0          0          0          0       6749   stm32f10x_spi.o
       400          0          0          0          0       3069   system_stm32f10x.o

    ----------------------------------------------------------------------
      9336         36       1788         12       1660      49088   Object Totals
         0          0         32          0          0          0   (incl. Generated)
        62          0          1          2          6          0   (incl. Padding)

    ----------------------------------------------------------------------

      Code (inc. data)   RO Data    RW Data    ZI Data      Debug   Library Member Name

         8          0          0          0          0         68   __main.o
       392          4         17          0          0         92   __printf_flags_ss_wp.o
        14          0          0          0          0         68   __printf_wp.o
         0          0          0          0          0          0   __rtentry.o
        12          0          0          0          0          0   __rtentry2.o
         6          0          0          0          0          0   __rtentry4.o
        94          8          0          0          0          0   __scatter.o
        26          0          0          0          0          0   __scatter_copy.o
        28          0          0          0          0          0   __scatter_zi.o
        72          0          0          0          0         96   _c16rtomb.o
         6          0          0          0          0          0   _printf_a.o
         6          0          0          0          0          0   _printf_c.o
        44          0          0          0          0        108   _printf_char.o
        48          6          0          0          0         96   _printf_char_common.o
        40          0          0          0          0         68   _printf_charcount.o
         6          0          0          0          0          0   _printf_d.o
       120         16          0          0          0         92   _printf_dec.o
         6          0          0          0          0          0   _printf_e.o
         6          0          0          0          0          0   _printf_f.o
      1052          0          0          0          0        148   _printf_fp_dec.o
       764          8         38          0          0        100   _printf_fp_hex.o
       128         16          0          0          0         84   _printf_fp_infnan.o
         6          0          0          0          0          0   _printf_g.o
       148          4         40          0          0        160   _printf_hex_int_ll_ptr.o
         6          0          0          0          0          0   _printf_i.o
       178          0          0          0          0         88   _printf_intcommon.o
        10          0          0          0          0          0   _printf_l.o
         6          0          0          0          0          0   _printf_lc.o
        10          0          0          0          0          0   _printf_ll.o
         6          0          0          0          0          0   _printf_lld.o
         6          0          0          0          0          0   _printf_lli.o
         6          0          0          0          0          0   _printf_llo.o
         6          0          0          0          0          0   _printf_llu.o
         6          0          0          0          0          0   _printf_llx.o
       124         16          0          0          0         92   _printf_longlong_dec.o
         6          0          0          0          0          0   _printf_ls.o
         6          0          0          0          0          0   _printf_n.o
         6          0          0          0          0          0   _printf_o.o
       112          8          0          0          0        124   _printf_oct_int_ll.o
         6          0          0          0          0          0   _printf_p.o
        78          0          0          0          0        108   _printf_pad.o
         0          0          0          0          0          0   _printf_percent.o
         4          0          0          0          0          0   _printf_percent_end.o
         6          0          0          0          0          0   _printf_s.o
        82          0          0          0          0         80   _printf_str.o
        36          0          0          0          0         84   _printf_truncate.o
         6          0          0          0          0          0   _printf_u.o
        44          0          0          0          0        108   _printf_wchar.o
       188          6          8          0          0         92   _printf_wctomb.o
         6          0          0          0          0          0   _printf_x.o
        10          0          0          0          0         68   _sputc.o
       228          4        148          0          0         96   bigflt0.o
      1936        128          0          0          0        668   btod.o
        18          0          0          0          0         80   exit.o
         6          0          0          0          0        152   heapauxi.o
         0          0          0          0          0          0   indicate_semi.o
        44         10        272          0          0         76   lc_ctype_c.o
        44         10         28          0          0         76   lc_numeric_c.o
         2          0          0          0          0          0   libinit.o
        34          0          0          0          0          0   libinit2.o
         2          0          0          0          0          0   libshutdown.o
         2          0          0          0          0          0   libshutdown2.o
         8          4          0          0         96         68   libspace.o
       138          0          0          0          0         80   lludiv10.o
       112         18          0          0        228        160   rand.o
        16          4          0          0          0         76   rt_ctype_table.o
         8          4          0          0          0         68   rt_locale_intlibspace.o
         2          0          0          0          0          0   rtexit.o
        10          0          0          0          0          0   rtexit2.o
        44          6          0          0          0         84   sprintf.o
       128          0          0          0          0         68   strcmpv7m.o
        12          4          0          0          0         68   sys_exit.o
        74          0          0          0          0         80   sys_stackheap_outer.o
         2          0          0          0          0         68   use_no_semi.o
         4          0          0          0          0         68   printf1.o
         4          0          0          0          0         68   printf2.o
         0          0          0          0          0          0   usenofp.o
        40          0          0          0          0         68   fpclassify.o

    ----------------------------------------------------------------------
      6928        284        552          0        324       4196   Library Totals
        18          0          1          0          0          0   (incl. Padding)

    ----------------------------------------------------------------------

      Code (inc. data)   RO Data    RW Data    ZI Data      Debug   Library Name

      6862        284        551          0        324       3992   c_w.l
         8          0          0          0          0        136   fz_ws.l
        40          0          0          0          0         68   m_ws.l

    ----------------------------------------------------------------------
      6928        284        552          0        324       4196   Library Totals

    ----------------------------------------------------------------------

==============================================================================


      Code (inc. data)   RO Data    RW Data    ZI Data      Debug   

     16264        320       2340         12       1984      50952   Grand Totals
     16264        320       2340         12       1984      50952   ELF Image Totals
     16264        320       2340         12          0          0   ROM Totals

==============================================================================

    Total RO  Size (Code + RO Data)                18604 (  18.17kB)
    Total RW  Size (RW Data + ZI Data)              1996 (   1.95kB)
    Total ROM Size (Code + RO Data + RW Data)      18616 (  18.18kB)

==============================================================================

